[2026-02-15 16:24:46] [FULL] [INFO] Navigate to tag page {"url":"https://haraj.com.sa/tags/%D8%AD%D8%B1%D8%A7%D8%AC%20%D8%A7%D9%84%D8%B3%D9%8A%D8%A7%D8%B1%D8%A7%D8%AA"}
[2026-02-15 16:29:24] [FULL] [INFO] Navigate to tag page {"url":"https://haraj.com.sa/tags/%D8%AD%D8%B1%D8%A7%D8%AC%20%D8%A7%D9%84%D8%B3%D9%8A%D8%A7%D8%B1%D8%A7%D8%AA"}
[2026-02-15 16:35:37] [FULL] [INFO] Navigate to tag page {"url":"https://haraj.com.sa/tags/%D8%AD%D8%B1%D8%A7%D8%AC%20%D8%A7%D9%84%D8%B3%D9%8A%D8%A7%D8%B1%D8%A7%D8%AA"}
[2026-02-15 16:35:44] [FULL] [INFO] Visible ads {"count":18}
[2026-02-15 16:35:49] [FULL] [ERROR] Ad scrape failed {"postId":"175506492","err":"Error: page.waitForTimeout: Target page, context or browser has been closed"}
[2026-02-15 16:35:49] [FULL] [ERROR] Ad scrape failed {"postId":"175506493","err":"Error: page.waitForTimeout: Target page, context or browser has been closed"}
[2026-02-15 18:59:44] [FULL] [INFO] Navigate to tag page {"url":"https://haraj.com.sa/tags/%D8%AD%D8%B1%D8%A7%D8%AC%20%D8%A7%D9%84%D8%B3%D9%8A%D8%A7%D8%B1%D8%A7%D8%AA"}
[2026-02-15 18:59:49] [FULL] [INFO] Visible ads {"count":19}
[2026-02-15 18:59:54] [FULL] [INFO] Queue backpressure {"pending":17}
[2026-02-15 18:59:55] [FULL] [ERROR] Ad scrape failed {"postId":"175517633","err":"MongoServerError: Updating the path '_id' would create a conflict at '_id'"}
[2026-02-15 18:59:57] [FULL] [ERROR] Ad scrape failed {"postId":"175517643","err":"MongoServerError: Updating the path '_id' would create a conflict at '_id'"}
[2026-02-15 18:59:59] [FULL] [ERROR] Ad scrape failed {"postId":"175517645","err":"MongoServerError: Updating the path '_id' would create a conflict at '_id'"}
[2026-02-15 19:00:01] [FULL] [ERROR] Ad scrape failed {"postId":"175517626","err":"MongoServerError: Updating the path '_id' would create a conflict at '_id'"}
[2026-02-15 19:00:03] [FULL] [ERROR] Ad scrape failed {"postId":"69320865","err":"MongoServerError: Updating the path '_id' would create a conflict at '_id'"}
[2026-02-15 19:00:05] [FULL] [ERROR] Ad scrape failed {"postId":"175517619","err":"MongoServerError: Updating the path '_id' would create a conflict at '_id'"}
[2026-02-15 19:06:38] [FULL] [INFO] Navigate to tag page {"url":"https://haraj.com.sa/tags/%D8%AD%D8%B1%D8%A7%D8%AC%20%D8%A7%D9%84%D8%B3%D9%8A%D8%A7%D8%B1%D8%A7%D8%AA"}
[2026-02-15 19:06:43] [FULL] [INFO] Visible ads {"count":20}
[2026-02-15 19:06:49] [FULL] [INFO] Queue backpressure {"pending":17}
[2026-02-15 19:08:20] [FULL] [INFO] Navigate to tag page {"url":"https://haraj.com.sa/tags/%D8%AD%D8%B1%D8%A7%D8%AC%20%D8%A7%D9%84%D8%B3%D9%8A%D8%A7%D8%B1%D8%A7%D8%AA"}
[2026-02-15 19:08:25] [FULL] [INFO] Visible ads {"count":19}
[2026-02-15 19:08:31] [FULL] [ERROR] Ad scrape failed {"postId":"175518350","err":"TypeError: Cannot read properties of undefined (reading 'postId')"}
[2026-02-15 19:08:31] [FULL] [INFO] Queue backpressure {"pending":16}
[2026-02-15 19:08:35] [FULL] [ERROR] Ad scrape failed {"postId":"175518349","err":"TypeError: Cannot read properties of undefined (reading 'postId')"}
[2026-02-15 19:08:36] [FULL] [ERROR] Ad scrape failed {"postId":"175518347","err":"TypeError: Cannot read properties of undefined (reading 'postId')"}
[2026-02-15 19:08:37] [FULL] [ERROR] Ad scrape failed {"postId":"175518357","err":"TypeError: Cannot read properties of undefined (reading 'postId')"}
[2026-02-15 19:08:41] [FULL] [ERROR] Ad scrape failed {"postId":"73847670","err":"TypeError: Cannot read properties of undefined (reading 'postId')"}
[2026-02-15 19:08:42] [FULL] [ERROR] Ad scrape failed {"postId":"175518346","err":"TypeError: Cannot read properties of undefined (reading 'postId')"}
[2026-02-15 19:15:42] [FULL] [INFO] Navigate to tag page {"url":"https://haraj.com.sa/tags/%D8%AD%D8%B1%D8%A7%D8%AC%20%D8%A7%D9%84%D8%B3%D9%8A%D8%A7%D8%B1%D8%A7%D8%AA"}
[2026-02-15 19:15:47] [FULL] [INFO] Visible ads {"count":17}
[2026-02-15 19:15:53] [FULL] [INFO] Queue backpressure {"pending":17}
[2026-02-15 19:15:54] [FULL] [ERROR] Ad scrape failed {"postId":"175518882","err":"TypeError: Cannot read properties of undefined (reading 'postId')"}
[2026-02-15 19:15:54] [FULL] [ERROR] Ad scrape failed {"postId":"175518875","err":"TypeError: Cannot read properties of undefined (reading 'postId')"}
[2026-02-15 19:15:56] [FULL] [ERROR] Ad scrape failed {"postId":"175518884","err":"TypeError: Cannot read properties of undefined (reading 'postId')"}
[2026-02-15 19:16:00] [FULL] [ERROR] Ad scrape failed {"postId":"69320865","err":"TypeError: Cannot read properties of undefined (reading 'postId')"}
[2026-02-15 19:16:01] [FULL] [ERROR] Ad scrape failed {"postId":"175518869","err":"TypeError: Cannot read properties of undefined (reading 'postId')"}
[2026-02-15 19:16:02] [FULL] [ERROR] Ad scrape failed {"postId":"175518871","err":"TypeError: Cannot read properties of undefined (reading 'postId')"}
[2026-02-15 19:16:06] [FULL] [ERROR] Ad scrape failed {"postId":"175518863","err":"TypeError: Cannot read properties of undefined (reading 'postId')"}
[2026-02-15 19:16:08] [FULL] [ERROR] Ad scrape failed {"postId":"175518867","err":"TypeError: Cannot read properties of undefined (reading 'postId')"}
[2026-02-15 19:16:09] [FULL] [ERROR] Ad scrape failed {"postId":"73847670","err":"TypeError: Cannot read properties of undefined (reading 'postId')"}
[2026-02-15 19:22:19] [FULL] [INFO] Navigate to tag page {"url":"https://haraj.com.sa/tags/%D8%AD%D8%B1%D8%A7%D8%AC%20%D8%A7%D9%84%D8%B3%D9%8A%D8%A7%D8%B1%D8%A7%D8%AA"}
[2026-02-15 19:22:23] [FULL] [INFO] Visible ads {"count":20}
[2026-02-15 19:22:23] [FULL] [DEBUG] Queue task start {"postId":"175519411","url":"https://haraj.com.sa/11175519411/%D9%85%D8%B7%D9%84%D9%88%D9%88%D9%88%D8%A8_%D8%A8%D8%A7%D9%86%D8%B4%D9%8A_%D8%A7%D9%82%D8%B3%D8%A7%D8%B7/","pending":1,"size":0}
[2026-02-15 19:22:23] [FULL] [DEBUG] Queue task start {"postId":"175519408","url":"https://haraj.com.sa/11175519408/%D8%A7%D8%B2%D9%8A%D8%B1%D8%A7_2015_%D8%A7%D9%84%D9%81%D8%AD%D8%B5_%D8%B3%D8%A7%D8%B1%D9%8A_%D9%84%D8%BA%D8%A7%D9%8A%D9%87_%D8%B3%D9%86%D9%87_%D9%85%D8%AD%D8%B1%D9%83_%D9%83%D9%8A%D8%B1_%D8%AC%D8%AF%D9%8A%D8%AF_%D9%85%D8%B7%D9%84%D9%88%D8%A8_20/","pending":2,"size":0}
[2026-02-15 19:22:23] [FULL] [DEBUG] Queue task start {"postId":"175519407","url":"https://haraj.com.sa/11175519407/%D8%A7%D9%81_%D8%AC%D9%8A_2014/","pending":3,"size":0}
[2026-02-15 19:22:29] [FULL] [INFO] Queue backpressure {"pending":17}
[2026-02-15 19:22:33] [FULL] [ERROR] Ad scrape failed {"postId":"175519411","err":"TypeError: Cannot read properties of undefined (reading 'postId')"}
[2026-02-15 19:22:33] [FULL] [DEBUG] Queue task start {"postId":"175519405","url":"https://haraj.com.sa/11175519405/%D9%84%D8%B9%D8%A7%D8%A8%D8%A7%D8%AA_%D8%AA%D9%86%D8%B2%D9%8A%D9%84_%D8%B3%D9%8A%D9%8A%D8%B1%D8%A7_%D8%AC%D9%85%D8%B3_2_%D8%A7%D9%86%D8%B4/","pending":3,"size":16}
[2026-02-15 19:22:37] [FULL] [ERROR] Ad scrape failed {"postId":"175519405","err":"TypeError: Cannot read properties of undefined (reading 'postId')"}
[2026-02-15 19:22:37] [FULL] [DEBUG] Queue task start {"postId":"175519403","url":"https://haraj.com.sa/11175519403/%D9%84%D8%A7%D9%86%D8%AF%D9%83%D8%B1%D9%88%D8%B2%D8%B1_%D8%AC%D9%83%D8%B3%D8%A7%D8%B1_%D9%88%D8%A7%D8%B1%D8%AF_%D9%82%D8%B7%D8%B1_2013/","pending":3,"size":15}
[2026-02-15 19:22:41] [FULL] [ERROR] Ad scrape failed {"postId":"175519403","err":"TypeError: Cannot read properties of undefined (reading 'postId')"}
[2026-02-15 19:22:41] [FULL] [DEBUG] Queue task start {"postId":"69320865","url":"https://haraj.com.sa/1169320865/%D8%AC%D9%86%D8%A7%D8%AD_%D8%A7%D9%84%D8%B4%D9%86%D8%B7%D8%A9_%D9%88%D8%A7%D9%83%D8%B3%D8%B3%D9%88%D8%A7%D8%B1%D8%A7%D8%AA_%D9%85%D8%B1%D8%B3%D9%8A%D8%AF%D8%B3_%D8%AC%D9%85%D9%8A%D8%B9_%D8%A7%D9%84%D9%81%D8%A6%D8%A7%D8%AA/","pending":3,"size":14}
[2026-02-15 19:22:45] [FULL] [ERROR] Ad scrape failed {"postId":"69320865","err":"TypeError: Cannot read properties of undefined (reading 'postId')"}
[2026-02-15 19:22:45] [FULL] [DEBUG] Queue task start {"postId":"73847670","url":"https://haraj.com.sa/1173847670/%D8%AA%D8%B4%D8%BA%D9%8A%D9%84_%D8%B9%D9%86_%D8%A8%D8%B9%D8%AF_%D9%84%D9%83%D8%B2%D8%B3_%D9%88_%D8%AA%D9%88%D9%8A%D9%88%D8%AA%D8%A7_%D9%84%D9%84%D8%A8%D8%B5%D9%85%D9%87_%D9%81%D9%82%D8%B7/","pending":3,"size":13}
[2026-02-15 19:22:49] [FULL] [ERROR] Ad scrape failed {"postId":"73847670","err":"TypeError: Cannot read properties of undefined (reading 'postId')"}
[2026-02-15 19:22:49] [FULL] [DEBUG] Queue task start {"postId":"175519402","url":"https://haraj.com.sa/11175519402/%D8%A8%D8%B1%D8%A7%D8%AF%D9%88_2005_%D8%A8%D8%AF%D9%8A_%D9%88%D9%83%D8%A7%D9%84%D9%87/","pending":3,"size":12}
[2026-02-15 19:22:52] [FULL] [ERROR] Ad scrape failed {"postId":"175519402","err":"TypeError: Cannot read properties of undefined (reading 'postId')"}
[2026-02-15 19:22:52] [FULL] [DEBUG] Queue task start {"postId":"175519400","url":"https://haraj.com.sa/11175519400/%D8%B1%D9%8A%D8%B3_2012/","pending":3,"size":11}
[2026-02-15 19:22:52] [FULL] [ERROR] Ad scrape failed {"postId":"175519407","err":"TypeError: Cannot read properties of undefined (reading 'postId')"}
[2026-02-15 19:22:52] [FULL] [DEBUG] Queue task start {"postId":"175519399","url":"https://haraj.com.sa/11175519399/%D9%83%D8%A7%D9%85%D8%B1%D9%8A_2019/","pending":3,"size":10}
[2026-02-15 19:22:52] [FULL] [ERROR] Ad scrape failed {"postId":"175519408","err":"TypeError: Cannot read properties of undefined (reading 'postId')"}
[2026-02-15 19:22:52] [FULL] [DEBUG] Queue task start {"postId":"175519396","url":"https://haraj.com.sa/11175519396/%D8%AF%D9%86%D9%87_%D8%B3%D9%88%D8%A8%D8%B1_%D8%AC%D8%A7%D9%85%D8%A8%D9%88_%D9%85%D9%88%D8%AF%D9%8A%D9%84_2024_%D9%85%D9%88%D8%A7%D8%B5%D9%81%D8%A7%D8%AA_%D9%81%D9%84_%D9%83%D8%A7%D9%85%D9%84_%D9%85%D9%83%D9%8A%D9%81_%D8%AD%D9%88%D8%B6_%D9%85%D9%85%D8%B4%D9%89_%D8%A7%D9%82%D9%84/","pending":3,"size":9}
[2026-02-15 19:22:54] [FULL] [WARN] Scrape returned null {"postId":"175519396","url":"https://haraj.com.sa/11175519396/%D8%AF%D9%86%D9%87_%D8%B3%D9%88%D8%A8%D8%B1_%D8%AC%D8%A7%D9%85%D8%A8%D9%88_%D9%85%D9%88%D8%AF%D9%8A%D9%84_2024_%D9%85%D9%88%D8%A7%D8%B5%D9%81%D8%A7%D8%AA_%D9%81%D9%84_%D9%83%D8%A7%D9%85%D9%84_%D9%85%D9%83%D9%8A%D9%81_%D8%AD%D9%88%D8%B6_%D9%85%D9%85%D8%B4%D9%89_%D8%A7%D9%82%D9%84/"}
[2026-02-15 19:22:54] [FULL] [DEBUG] Queue task start {"postId":"175519389","url":"https://haraj.com.sa/11175519389/%D8%B5%D8%A7%D9%84%D9%88%D9%86_%D8%AC%D9%83%D8%B3%D8%A7%D8%B1_2011_60_%D8%B9%D8%A7%D9%85/","pending":3,"size":8}
[2026-02-15 19:22:54] [FULL] [WARN] Scrape returned null {"postId":"175519399","url":"https://haraj.com.sa/11175519399/%D9%83%D8%A7%D9%85%D8%B1%D9%8A_2019/"}
[2026-02-15 19:22:54] [FULL] [DEBUG] Queue task start {"postId":"175519386","url":"https://haraj.com.sa/11175519386/%D9%84%D9%84%D8%A8%D9%8A%D8%B9_%D9%84%D9%88%D8%AD%D9%87_%D8%B1%D9%85%D8%AD_%D9%85%D8%B3%D8%AA%D8%B9%D8%AC%D9%84/","pending":3,"size":7}
[2026-02-15 19:22:54] [FULL] [WARN] Scrape returned null {"postId":"175519400","url":"https://haraj.com.sa/11175519400/%D8%B1%D9%8A%D8%B3_2012/"}
[2026-02-15 19:22:55] [FULL] [DEBUG] Queue task start {"postId":"175519381","url":"https://haraj.com.sa/11175519381/%D9%81%D8%B1%D8%B5%D8%A9_%D9%84%D8%A7_%D8%AA%D9%81%D9%88%D9%91%D8%AA_%D9%81%D9%88%D8%B1%D8%AF_%D8%A7%D9%8A%D8%AF%D8%AC_2011_SEL_%D9%84%D9%84%D8%A8%D9%8A%D8%B9_%D8%B3%D9%8A%D8%A7%D8%B1%D8%A9_%D8%B9%D9%85/","pending":3,"size":6}
[2026-02-15 19:41:12] [FULL] [INFO] Navigate to tag page {"url":"https://haraj.com.sa/tags/%D8%AD%D8%B1%D8%A7%D8%AC%20%D8%A7%D9%84%D8%B3%D9%8A%D8%A7%D8%B1%D8%A7%D8%AA"}
[2026-02-15 19:41:16] [FULL] [INFO] Visible ads {"count":18}
[2026-02-15 19:41:23] [FULL] [INFO] Queue backpressure {"queued":17,"pending":3,"concurrency":3}
[2026-02-15 19:41:27] [FULL] [ERROR] Ad scrape failed {"postId":"175520835","err":"TypeError: Cannot read properties of undefined (reading 'postId')"}
[2026-02-15 19:41:29] [FULL] [ERROR] Ad scrape failed {"postId":"175520847","err":"TypeError: Cannot read properties of undefined (reading 'postId')"}
[2026-02-15 19:41:32] [FULL] [ERROR] Ad scrape failed {"postId":"175520819","err":"TypeError: Cannot read properties of undefined (reading 'postId')"}
[2026-02-15 19:41:33] [FULL] [ERROR] Ad scrape failed {"postId":"175520823","err":"TypeError: Cannot read properties of undefined (reading 'postId')"}
[2026-02-15 19:41:37] [FULL] [ERROR] Ad scrape failed {"postId":"73847670","err":"TypeError: Cannot read properties of undefined (reading 'postId')"}
[2026-02-15 19:41:39] [FULL] [ERROR] Ad scrape failed {"postId":"69320865","err":"TypeError: Cannot read properties of undefined (reading 'postId')"}
[2026-02-15 19:41:43] [FULL] [ERROR] Ad scrape failed {"postId":"175520808","err":"TypeError: Cannot read properties of undefined (reading 'postId')"}
[2026-02-15 19:41:43] [FULL] [ERROR] Ad scrape failed {"postId":"175520811","err":"TypeError: Cannot read properties of undefined (reading 'postId')"}
[2026-02-15 19:41:49] [FULL] [ERROR] Ad scrape failed {"postId":"175520807","err":"TypeError: Cannot read properties of undefined (reading 'postId')"}
[2026-02-15 19:41:53] [FULL] [ERROR] Ad scrape failed {"postId":"175520791","err":"TypeError: Cannot read properties of undefined (reading 'postId')"}
[2026-02-15 20:22:38] [FULL] [INFO] Navigate to tag page {"url":"https://haraj.com.sa/tags/%D8%AD%D8%B1%D8%A7%D8%AC%20%D8%A7%D9%84%D8%B3%D9%8A%D8%A7%D8%B1%D8%A7%D8%AA"}
[2026-02-15 20:22:43] [FULL] [INFO] Visible ads {"count":20}
[2026-02-15 20:22:49] [FULL] [INFO] Queue backpressure {"queued":17,"pending":3,"concurrency":3}
[2026-02-15 20:22:49] [FULL] [INFO] Saved {"postId":"175523663","totalScraped":1}
[2026-02-15 20:22:53] [FULL] [INFO] Saved {"postId":"175523658","totalScraped":2}
[2026-02-15 20:22:57] [FULL] [INFO] Saved {"postId":"175523657","totalScraped":3}
[2026-02-16 09:11:30] [FULL] [INFO] Navigate to tag page {"url":"https://haraj.com.sa/tags/%D8%AD%D8%B1%D8%A7%D8%AC%20%D8%A7%D9%84%D8%B3%D9%8A%D8%A7%D8%B1%D8%A7%D8%AA"}
[2026-02-16 09:11:35] [FULL] [INFO] Visible ads {"count":20}
[2026-02-16 09:11:44] [FULL] [ERROR] Ad scrape failed {"postId":"175548994","err":"MongoServerError: Updating the path 'firstSeenAt' would create a conflict at 'firstSeenAt'"}
[2026-02-16 09:11:45] [FULL] [ERROR] Ad scrape failed {"postId":"175548990","err":"MongoServerError: Updating the path 'firstSeenAt' would create a conflict at 'firstSeenAt'"}
[2026-02-16 09:11:50] [FULL] [ERROR] Ad scrape failed {"postId":"175548987","err":"MongoServerError: Updating the path 'firstSeenAt' would create a conflict at 'firstSeenAt'"}
[2026-02-16 09:11:52] [FULL] [ERROR] Ad scrape failed {"postId":"175548995","err":"MongoServerError: Updating the path 'firstSeenAt' would create a conflict at 'firstSeenAt'"}
[2026-02-16 09:11:54] [FULL] [ERROR] Ad scrape failed {"postId":"85974552","err":"MongoServerError: Updating the path 'firstSeenAt' would create a conflict at 'firstSeenAt'"}
[2026-02-16 09:11:56] [FULL] [ERROR] Ad scrape failed {"postId":"175548989","err":"MongoServerError: Updating the path 'firstSeenAt' would create a conflict at 'firstSeenAt'"}
[2026-02-16 09:12:00] [FULL] [ERROR] Ad scrape failed {"postId":"175548982","err":"MongoServerError: Updating the path 'firstSeenAt' would create a conflict at 'firstSeenAt'"}
[2026-02-16 09:12:00] [FULL] [ERROR] Ad scrape failed {"postId":"69320865","err":"MongoServerError: Updating the path 'firstSeenAt' would create a conflict at 'firstSeenAt'"}
[2026-02-16 09:12:01] [FULL] [ERROR] Ad scrape failed {"postId":"175548986","err":"MongoServerError: Updating the path 'firstSeenAt' would create a conflict at 'firstSeenAt'"}
[2026-02-16 09:12:05] [FULL] [ERROR] Ad scrape failed {"postId":"175548973","err":"MongoServerError: Updating the path 'firstSeenAt' would create a conflict at 'firstSeenAt'"}
[2026-02-16 09:12:06] [FULL] [ERROR] Ad scrape failed {"postId":"175548974","err":"MongoServerError: Updating the path 'firstSeenAt' would create a conflict at 'firstSeenAt'"}
[2026-02-16 09:12:07] [FULL] [ERROR] Ad scrape failed {"postId":"175548981","err":"MongoServerError: Updating the path 'firstSeenAt' would create a conflict at 'firstSeenAt'"}
[2026-02-16 09:12:11] [FULL] [ERROR] Ad scrape failed {"postId":"175548964","err":"MongoServerError: Updating the path 'firstSeenAt' would create a conflict at 'firstSeenAt'"}
[2026-02-16 09:12:12] [FULL] [ERROR] Ad scrape failed {"postId":"175548970","err":"MongoServerError: Updating the path 'firstSeenAt' would create a conflict at 'firstSeenAt'"}
[2026-02-16 09:12:13] [FULL] [ERROR] Ad scrape failed {"postId":"175548972","err":"MongoServerError: Updating the path 'firstSeenAt' would create a conflict at 'firstSeenAt'"}
[2026-02-16 09:12:16] [FULL] [ERROR] Ad scrape failed {"postId":"175548959","err":"MongoServerError: Updating the path 'firstSeenAt' would create a conflict at 'firstSeenAt'"}
[2026-02-16 09:12:18] [FULL] [ERROR] Ad scrape failed {"postId":"175548962","err":"MongoServerError: Updating the path 'firstSeenAt' would create a conflict at 'firstSeenAt'"}
[2026-02-16 09:12:19] [FULL] [ERROR] Ad scrape failed {"postId":"175548963","err":"MongoServerError: Updating the path 'firstSeenAt' would create a conflict at 'firstSeenAt'"}
[2026-02-16 09:12:21] [FULL] [ERROR] Ad scrape failed {"postId":"175548957","err":"MongoServerError: Updating the path 'firstSeenAt' would create a conflict at 'firstSeenAt'"}
[2026-02-16 09:12:22] [FULL] [ERROR] Ad scrape failed {"postId":"175548958","err":"MongoServerError: Updating the path 'firstSeenAt' would create a conflict at 'firstSeenAt'"}
[2026-02-16 09:12:22] [FULL] [INFO] Full scrape done {"totalScraped":0,"seen":20}
[2026-02-16 09:34:20] [FULL] [INFO] Navigate to tag page {"url":"https://haraj.com.sa/tags/%D8%AD%D8%B1%D8%A7%D8%AC%20%D8%A7%D9%84%D8%B3%D9%8A%D8%A7%D8%B1%D8%A7%D8%AA"}
[2026-02-16 09:34:25] [FULL] [INFO] Visible ads {"count":20}
[2026-02-16 09:34:31] [FULL] [INFO] Saved {"postId":"11175550078","totalScraped":1}
[2026-02-16 09:34:32] [FULL] [INFO] Queue backpressure {"queued":16,"pending":3,"concurrency":3}
[2026-02-16 09:34:32] [FULL] [INFO] Saved {"postId":"11175550079","totalScraped":2}
[2026-02-16 09:34:35] [FULL] [INFO] Saved {"postId":"11175550081","totalScraped":3}
[2026-02-16 09:34:36] [FULL] [INFO] Saved {"postId":"11175550074","totalScraped":4}
[2026-02-16 09:34:39] [FULL] [INFO] Saved {"postId":"11175550075","totalScraped":5}
[2026-02-16 09:34:43] [FULL] [INFO] Saved {"postId":"11175550073","totalScraped":6}
[2026-02-16 09:34:43] [FULL] [INFO] Saved {"postId":"1169320865","totalScraped":7}
[2026-02-16 09:34:44] [FULL] [INFO] Saved {"postId":"1185974552","totalScraped":8}
[2026-02-16 09:34:50] [FULL] [INFO] Saved {"postId":"11175550071","totalScraped":9}
[2026-02-16 09:34:50] [FULL] [INFO] Saved {"postId":"11175550069","totalScraped":10}
[2026-02-16 09:34:51] [FULL] [INFO] Saved {"postId":"11175550068","totalScraped":11}
[2026-02-16 09:34:58] [FULL] [INFO] Saved {"postId":"11175550066","totalScraped":12}
[2026-02-16 09:34:58] [FULL] [INFO] Saved {"postId":"11175550064","totalScraped":13}
[2026-02-16 09:34:58] [FULL] [INFO] Saved {"postId":"11175550059","totalScraped":14}
[2026-02-16 09:35:03] [FULL] [INFO] Saved {"postId":"11175550056","totalScraped":15}
[2026-02-16 09:35:04] [FULL] [INFO] Saved {"postId":"11175550051","totalScraped":16}
[2026-02-16 09:35:06] [FULL] [INFO] Saved {"postId":"11175550049","totalScraped":17}
[2026-02-16 09:35:10] [FULL] [INFO] Saved {"postId":"11175550046","totalScraped":18}
[2026-02-16 09:35:10] [FULL] [INFO] Saved {"postId":"11175550047","totalScraped":19}
[2026-02-16 09:35:10] [FULL] [INFO] Saved {"postId":"11175550048","totalScraped":20}
[2026-02-16 09:35:10] [FULL] [INFO] Full scrape done {"totalScraped":20,"seen":20}
[2026-02-16 10:09:53] [FULL] [INFO] Navigate to tag page {"url":"https://haraj.com.sa/tags/%D8%AD%D8%B1%D8%A7%D8%AC%20%D8%A7%D9%84%D8%B3%D9%8A%D8%A7%D8%B1%D8%A7%D8%AA"}
[2026-02-16 10:09:58] [FULL] [INFO] Visible ads {"count":18}
[2026-02-16 10:09:59] [FULL] [INFO] Queue backpressure {"queued":17,"pending":3,"concurrency":3}
[2026-02-16 10:10:10] [FULL] [INFO] Saved {"postId":"11175551798","totalScraped":1}
[2026-02-16 10:10:13] [FULL] [INFO] Saved {"postId":"11175551795","totalScraped":2}
[2026-02-16 10:10:23] [FULL] [INFO] Saved {"postId":"11175551792","totalScraped":3}
[2026-02-16 10:10:24] [FULL] [INFO] Saved {"postId":"11175551791","totalScraped":4}
[2026-02-16 10:10:35] [FULL] [INFO] Saved {"postId":"1169320865","totalScraped":5}
[2026-02-16 10:10:35] [FULL] [INFO] Saved {"postId":"1185974552","totalScraped":6}
[2026-02-16 10:10:45] [FULL] [INFO] Saved {"postId":"11175551788","totalScraped":7}
[2026-02-16 10:10:56] [FULL] [INFO] Saved {"postId":"11175551786","totalScraped":8}
[2026-02-16 10:11:06] [FULL] [INFO] Saved {"postId":"11175551783","totalScraped":9}
[2026-02-16 10:11:11] [FULL] [INFO] Saved {"postId":"11175551797","totalScraped":10}
[2026-02-16 10:11:16] [FULL] [INFO] Saved {"postId":"11175551782","totalScraped":11}
[2026-02-16 10:11:23] [FULL] [INFO] Saved {"postId":"11175551780","totalScraped":12}
[2026-02-16 10:11:25] [FULL] [INFO] Saved {"postId":"11175551778","totalScraped":13}
[2026-02-16 10:11:33] [FULL] [INFO] Saved {"postId":"11175551776","totalScraped":14}
[2026-02-16 10:11:35] [FULL] [INFO] Saved {"postId":"11175551775","totalScraped":15}
[2026-02-16 10:11:42] [FULL] [INFO] Saved {"postId":"11175551774","totalScraped":16}
[2026-02-16 10:11:45] [FULL] [INFO] Saved {"postId":"11175551790","totalScraped":17}
[2026-02-16 10:11:46] [FULL] [INFO] Saved {"postId":"11175551773","totalScraped":18}
[2026-02-16 10:11:56] [FULL] [INFO] Saved {"postId":"11175551769","totalScraped":19}
[2026-02-16 10:11:56] [FULL] [INFO] Saved {"postId":"11175551770","totalScraped":20}
[2026-02-16 10:11:56] [FULL] [INFO] Full scrape done {"totalScraped":20,"seen":20}
[2026-02-16 13:09:38] [FULL] [INFO] Navigate to tag page {"url":"https://haraj.com.sa/tags/%D8%AD%D8%B1%D8%A7%D8%AC%20%D8%A7%D9%84%D8%B3%D9%8A%D8%A7%D8%B1%D8%A7%D8%AA"}
[2026-02-16 13:09:44] [FULL] [INFO] Visible ads {"count":20}
[2026-02-16 13:09:45] [FULL] [INFO] Queue backpressure {"queued":17,"pending":3,"concurrency":3}
[2026-02-16 13:09:54] [FULL] [INFO] Saved {"postId":"11175560467","totalScraped":1}
[2026-02-16 13:09:54] [FULL] [INFO] Saved {"postId":"11175560469","totalScraped":2}
[2026-02-16 13:09:56] [FULL] [INFO] Saved {"postId":"11175560466","totalScraped":3}
[2026-02-16 13:10:06] [FULL] [INFO] Saved {"postId":"1173847670","totalScraped":4}
[2026-02-16 13:10:07] [FULL] [INFO] Saved {"postId":"11175560464","totalScraped":5}
[2026-02-16 13:10:07] [FULL] [INFO] Saved {"postId":"11175560462","totalScraped":6}
[2026-02-16 13:10:19] [FULL] [INFO] Saved {"postId":"11175560453","totalScraped":7}
[2026-02-16 13:10:20] [FULL] [INFO] Saved {"postId":"11175560457","totalScraped":8}
[2026-02-16 13:10:20] [FULL] [INFO] Saved {"postId":"1185974552","totalScraped":9}
[2026-02-16 13:10:30] [FULL] [INFO] Saved {"postId":"11175560442","totalScraped":10}
[2026-02-16 13:10:31] [FULL] [INFO] Saved {"postId":"11175560444","totalScraped":11}
[2026-02-16 13:10:32] [FULL] [INFO] Saved {"postId":"11175560443","totalScraped":12}
[2026-02-16 13:10:41] [FULL] [INFO] Saved {"postId":"11175560439","totalScraped":13}
[2026-02-16 13:10:44] [FULL] [INFO] Saved {"postId":"11175560437","totalScraped":14}
[2026-02-16 13:10:53] [FULL] [INFO] Saved {"postId":"11175560431","totalScraped":15}
[2026-02-16 13:10:56] [FULL] [INFO] Saved {"postId":"11175560426","totalScraped":16}
[2026-02-16 13:11:02] [FULL] [INFO] Saved {"postId":"11175560419","totalScraped":17}
[2026-02-16 13:11:06] [FULL] [INFO] Saved {"postId":"11175560414","totalScraped":18}
[2026-02-16 13:11:13] [FULL] [INFO] Saved {"postId":"11175560409","totalScraped":19}
[2026-02-16 13:11:42] [FULL] [INFO] Saved {"postId":"11175560432","totalScraped":20}
[2026-02-16 13:11:42] [FULL] [INFO] Full scrape done {"totalScraped":20,"seen":20}
[2026-02-16 15:10:19] [FULL] [INFO] Navigate to tag page {"url":"https://haraj.com.sa/tags/%D8%AD%D8%B1%D8%A7%D8%AC%20%D8%A7%D9%84%D8%B3%D9%8A%D8%A7%D8%B1%D8%A7%D8%AA"}
[2026-02-16 15:10:24] [FULL] [INFO] Visible ads {"count":15}
[2026-02-16 15:10:34] [FULL] [ERROR] Ad scrape failed {"postId":"11175567358","err":"MongoServerError: Performing an update on the path '_id' would modify the immutable field '_id'"}
[2026-02-16 15:10:37] [FULL] [ERROR] Ad scrape failed {"postId":"11175567353","err":"MongoServerError: Performing an update on the path '_id' would modify the immutable field '_id'"}
[2026-02-16 15:10:37] [FULL] [ERROR] Ad scrape failed {"postId":"11175567354","err":"MongoServerError: Performing an update on the path '_id' would modify the immutable field '_id'"}
[2026-02-16 15:10:38] [FULL] [DEBUG] Skip existing {"postId":"1173847670"}
[2026-02-16 15:10:40] [FULL] [DEBUG] Skip existing {"postId":"1185974552"}
[2026-02-16 15:10:43] [FULL] [ERROR] Ad scrape failed {"postId":"11175567351","err":"MongoServerError: Performing an update on the path '_id' would modify the immutable field '_id'"}
[2026-02-16 15:10:47] [FULL] [ERROR] Ad scrape failed {"postId":"11175567350","err":"MongoServerError: Performing an update on the path '_id' would modify the immutable field '_id'"}
[2026-02-16 15:10:55] [FULL] [ERROR] Ad scrape failed {"postId":"11175567349","err":"MongoServerError: Performing an update on the path '_id' would modify the immutable field '_id'"}
[2026-02-16 15:10:55] [FULL] [ERROR] Ad scrape failed {"postId":"11175567348","err":"MongoServerError: Performing an update on the path '_id' would modify the immutable field '_id'"}
[2026-02-16 15:10:57] [FULL] [ERROR] Ad scrape failed {"postId":"11175567342","err":"MongoServerError: Performing an update on the path '_id' would modify the immutable field '_id'"}
[2026-02-16 15:11:13] [FULL] [ERROR] Ad scrape failed {"postId":"11175567341","err":"MongoServerError: Performing an update on the path '_id' would modify the immutable field '_id'"}
[2026-02-16 15:11:25] [FULL] [ERROR] Ad scrape failed {"postId":"11175567327","err":"MongoServerError: Performing an update on the path '_id' would modify the immutable field '_id'"}
[2026-02-16 15:11:37] [FULL] [ERROR] Ad scrape failed {"postId":"11175567325","err":"MongoServerError: Performing an update on the path '_id' would modify the immutable field '_id'"}
[2026-02-16 15:12:08] [FULL] [ERROR] Ad scrape failed {"postId":"11175567330","err":"MongoServerError: Performing an update on the path '_id' would modify the immutable field '_id'"}
[2026-02-16 15:12:14] [FULL] [ERROR] Ad scrape failed {"postId":"11175567339","err":"MongoServerError: Performing an update on the path '_id' would modify the immutable field '_id'"}
[2026-02-16 15:12:14] [FULL] [INFO] Full scrape done {"totalScraped":0,"seen":15}
[2026-02-16 15:46:18] [FULL] [INFO] Navigate to tag page {"url":"https://haraj.com.sa/tags/%D8%AD%D8%B1%D8%A7%D8%AC%20%D8%A7%D9%84%D8%B3%D9%8A%D8%A7%D8%B1%D8%A7%D8%AA"}
[2026-02-16 15:46:23] [FULL] [INFO] Visible ads (initial) {"count":19}
[2026-02-16 15:46:27] [FULL] [INFO] Newly loaded ads {"from":19,"to":39,"count":20}
[2026-02-16 15:46:27] [FULL] [INFO] Queue backpressure {"queued":36,"pending":3,"concurrency":3}
[2026-02-16 15:46:35] [FULL] [INFO] Saved {"postId":"11175569576","totalScraped":1}
[2026-02-16 15:46:35] [FULL] [INFO] Saved {"postId":"11175569578","totalScraped":2}
[2026-02-16 15:46:36] [FULL] [INFO] Saved {"postId":"11175569577","totalScraped":3}
[2026-02-16 15:46:37] [FULL] [DEBUG] Skip existing {"postId":"1173847670"}
[2026-02-16 15:46:39] [FULL] [DEBUG] Skip existing {"postId":"1185974552"}
[2026-02-16 15:46:44] [FULL] [INFO] Saved {"postId":"11175569575","totalScraped":4}
[2026-02-16 15:46:47] [FULL] [INFO] Saved {"postId":"11175569574","totalScraped":5}
[2026-02-16 15:46:49] [FULL] [INFO] Saved {"postId":"11175569569","totalScraped":6}
[2026-02-16 15:46:52] [FULL] [INFO] Saved {"postId":"11175569568","totalScraped":7}
[2026-02-16 15:46:59] [FULL] [INFO] Saved {"postId":"11175569559","totalScraped":8}
[2026-02-16 15:46:59] [FULL] [INFO] Saved {"postId":"11175569564","totalScraped":9}
[2026-02-16 15:47:12] [FULL] [INFO] Saved {"postId":"11175569549","totalScraped":10}
[2026-02-16 15:47:23] [FULL] [INFO] Saved {"postId":"11175569544","totalScraped":11}
[2026-02-16 15:47:33] [FULL] [INFO] Saved {"postId":"11175569539","totalScraped":12}
[2026-02-16 15:47:44] [FULL] [INFO] Saved {"postId":"11175569535","totalScraped":13}
[2026-02-16 15:47:54] [FULL] [INFO] Saved {"postId":"11175569531","totalScraped":14}
[2026-02-16 15:48:02] [FULL] [INFO] Saved {"postId":"11175569551","totalScraped":15}
[2026-02-16 15:48:05] [FULL] [INFO] Saved {"postId":"11175569529","totalScraped":16}
[2026-02-16 15:48:10] [FULL] [INFO] Saved {"postId":"11175569547","totalScraped":17}
[2026-02-16 15:48:14] [FULL] [INFO] Saved {"postId":"11175569514","totalScraped":18}
[2026-02-16 15:48:14] [FULL] [INFO] Saved {"postId":"11175569519","totalScraped":19}
[2026-02-16 15:48:24] [FULL] [INFO] Saved {"postId":"11175569512","totalScraped":20}
[2026-02-16 15:48:32] [FULL] [INFO] Saved {"postId":"11175569498","totalScraped":21}
[2026-02-16 15:48:42] [FULL] [INFO] Saved {"postId":"11175569497","totalScraped":22}
[2026-02-16 15:48:52] [FULL] [INFO] Saved {"postId":"11175569494","totalScraped":23}
[2026-02-16 15:49:03] [FULL] [INFO] Saved {"postId":"11175569490","totalScraped":24}
[2026-02-16 15:49:14] [FULL] [INFO] Saved {"postId":"11175569486","totalScraped":25}
[2026-02-16 15:49:20] [FULL] [INFO] Saved {"postId":"11175569513","totalScraped":26}
[2026-02-16 15:49:24] [FULL] [INFO] Saved {"postId":"11175569507","totalScraped":27}
[2026-02-16 15:49:24] [FULL] [INFO] Saved {"postId":"11175569475","totalScraped":28}
[2026-02-16 15:49:28] [FULL] [INFO] Newly loaded ads {"from":39,"to":60,"count":21}
[2026-02-16 15:49:28] [FULL] [INFO] Queue backpressure {"queued":27,"pending":3,"concurrency":3}
[2026-02-16 15:49:31] [FULL] [INFO] Saved {"postId":"11175569474","totalScraped":29}
[2026-02-16 15:49:35] [FULL] [INFO] Saved {"postId":"11175569467","totalScraped":30}
[2026-02-16 15:49:37] [FULL] [INFO] Saved {"postId":"11175569472","totalScraped":31}
[2026-02-16 15:49:47] [FULL] [INFO] Saved {"postId":"11175569458","totalScraped":32}
[2026-02-16 15:49:48] [FULL] [INFO] Saved {"postId":"11175569457","totalScraped":33}
[2026-02-16 15:49:58] [FULL] [INFO] Saved {"postId":"11175569449","totalScraped":34}
[2026-02-16 15:50:00] [FULL] [INFO] Saved {"postId":"11175569447","totalScraped":35}
[2026-02-16 15:50:09] [FULL] [INFO] Saved {"postId":"11175569660","totalScraped":36}
[2026-02-16 15:50:11] [FULL] [INFO] Saved {"postId":"11175569446","totalScraped":37}
[2026-02-16 15:50:18] [FULL] [INFO] Saved {"postId":"11175569656","totalScraped":38}
[2026-02-16 15:50:20] [FULL] [INFO] Saved {"postId":"11175569653","totalScraped":39}
[2026-02-16 15:50:28] [FULL] [INFO] Saved {"postId":"11175569647","totalScraped":40}
[2026-02-16 15:50:30] [FULL] [INFO] Saved {"postId":"11175569644","totalScraped":41}
[2026-02-16 15:50:39] [FULL] [INFO] Saved {"postId":"11175569643","totalScraped":42}
[2026-02-16 15:50:40] [FULL] [INFO] Saved {"postId":"11175569640","totalScraped":43}
[2026-02-16 15:50:41] [FULL] [INFO] Saved {"postId":"11175569464","totalScraped":44}
[2026-02-16 15:50:50] [FULL] [INFO] Saved {"postId":"11175569634","totalScraped":45}
[2026-02-16 15:50:52] [FULL] [INFO] Saved {"postId":"11175569637","totalScraped":46}
[2026-02-16 15:50:53] [FULL] [INFO] Saved {"postId":"11175569630","totalScraped":47}
[2026-02-16 15:51:02] [FULL] [INFO] Saved {"postId":"11175569627","totalScraped":48}
[2026-02-16 15:51:02] [FULL] [INFO] Newly loaded ads {"from":60,"to":81,"count":21}
[2026-02-16 15:51:02] [FULL] [INFO] Queue backpressure {"queued":28,"pending":3,"concurrency":3}
[2026-02-16 15:51:03] [FULL] [INFO] Saved {"postId":"11175569626","totalScraped":49}
[2026-02-16 15:51:04] [FULL] [INFO] Saved {"postId":"11175569628","totalScraped":50}
[2026-02-16 15:51:13] [FULL] [INFO] Saved {"postId":"11175569624","totalScraped":51}
[2026-02-16 15:51:15] [FULL] [INFO] Saved {"postId":"11175569615","totalScraped":52}
[2026-02-16 15:51:15] [FULL] [INFO] Saved {"postId":"11175569622","totalScraped":53}
[2026-02-16 15:51:26] [FULL] [INFO] Saved {"postId":"11175569600","totalScraped":54}
[2026-02-16 15:51:26] [FULL] [INFO] Saved {"postId":"11175569608","totalScraped":55}
[2026-02-16 15:51:35] [FULL] [INFO] Saved {"postId":"11175569599","totalScraped":56}
[2026-02-16 15:51:37] [FULL] [INFO] Saved {"postId":"11175569593","totalScraped":57}
[2026-02-16 15:52:24] [FULL] [INFO] Saved {"postId":"11175569610","totalScraped":58}
[2026-02-16 15:52:34] [FULL] [INFO] Saved {"postId":"11175569741","totalScraped":59}
[2026-02-16 15:52:42] [FULL] [INFO] Saved {"postId":"175569743","totalScraped":60}
[2026-02-16 15:52:44] [FULL] [INFO] Saved {"postId":"175569742","totalScraped":61}
[2026-02-16 15:52:44] [FULL] [INFO] Saved {"postId":"11175569733","totalScraped":62}
[2026-02-16 15:52:53] [FULL] [INFO] Saved {"postId":"11175569732","totalScraped":63}
[2026-02-16 15:52:55] [FULL] [INFO] Saved {"postId":"11175569731","totalScraped":64}
[2026-02-16 15:52:55] [FULL] [INFO] Saved {"postId":"11175569725","totalScraped":65}
[2026-02-16 15:53:05] [FULL] [INFO] Saved {"postId":"11175569723","totalScraped":66}
[2026-02-16 15:53:06] [FULL] [INFO] Saved {"postId":"11175569713","totalScraped":67}
[2026-02-16 15:53:07] [FULL] [INFO] Saved {"postId":"11175569720","totalScraped":68}
[2026-02-16 15:53:16] [FULL] [INFO] Newly loaded ads {"from":81,"to":102,"count":21}
[2026-02-16 15:53:16] [FULL] [INFO] Queue backpressure {"queued":29,"pending":3,"concurrency":3}
[2026-02-16 15:53:16] [FULL] [INFO] Saved {"postId":"11175569703","totalScraped":69}
[2026-02-16 15:53:16] [FULL] [INFO] Saved {"postId":"11175569710","totalScraped":70}
[2026-02-16 15:53:16] [FULL] [INFO] Saved {"postId":"11175569704","totalScraped":71}
[2026-02-16 15:53:27] [FULL] [INFO] Saved {"postId":"11175569698","totalScraped":72}
[2026-02-16 15:53:29] [FULL] [INFO] Saved {"postId":"11175569697","totalScraped":73}
[2026-02-16 15:53:36] [FULL] [INFO] Saved {"postId":"11175569691","totalScraped":74}
[2026-02-16 15:53:39] [FULL] [INFO] Saved {"postId":"11175569688","totalScraped":75}
[2026-02-16 15:53:48] [FULL] [INFO] Saved {"postId":"11175569681","totalScraped":76}
[2026-02-16 15:53:59] [FULL] [INFO] Saved {"postId":"11175569680","totalScraped":77}
[2026-02-16 15:54:09] [FULL] [INFO] Saved {"postId":"11175569804","totalScraped":78}
[2026-02-16 15:54:19] [FULL] [INFO] Saved {"postId":"11175569803","totalScraped":79}
[2026-02-16 15:54:28] [FULL] [INFO] Saved {"postId":"11175569799","totalScraped":80}
[2026-02-16 15:54:29] [FULL] [INFO] Saved {"postId":"11175569695","totalScraped":81}
[2026-02-16 15:54:39] [FULL] [INFO] Saved {"postId":"11175569790","totalScraped":82}
[2026-02-16 15:54:40] [FULL] [INFO] Saved {"postId":"11175569791","totalScraped":83}
[2026-02-16 15:54:46] [FULL] [INFO] Saved {"postId":"11175569682","totalScraped":84}
[2026-02-16 15:55:51] [FULL] [INFO] Saved {"postId":"11175569789","totalScraped":85}
[2026-02-16 15:55:51] [FULL] [INFO] Saved {"postId":"11175569788","totalScraped":86}
[2026-02-16 15:55:55] [FULL] [INFO] Saved {"postId":"175569785","totalScraped":87}
[2026-02-16 15:56:02] [FULL] [INFO] Saved {"postId":"11175569773","totalScraped":88}
[2026-02-16 15:56:02] [FULL] [INFO] Saved {"postId":"11175569774","totalScraped":89}
[2026-02-16 15:56:04] [FULL] [INFO] Saved {"postId":"11175569772","totalScraped":90}
[2026-02-16 15:56:11] [FULL] [INFO] Newly loaded ads {"from":102,"to":139,"count":37}
[2026-02-16 15:56:11] [FULL] [INFO] Queue backpressure {"queued":44,"pending":3,"concurrency":3}
[2026-02-16 15:56:14] [FULL] [INFO] Saved {"postId":"11175569769","totalScraped":91}
[2026-02-16 15:56:14] [FULL] [INFO] Saved {"postId":"11175569767","totalScraped":92}
[2026-02-16 15:56:15] [FULL] [INFO] Saved {"postId":"11175569768","totalScraped":93}
[2026-02-16 15:56:24] [FULL] [INFO] Saved {"postId":"11175569764","totalScraped":94}
[2026-02-16 15:56:27] [FULL] [INFO] Saved {"postId":"11175569756","totalScraped":95}
[2026-02-16 15:56:35] [FULL] [INFO] Saved {"postId":"11175569753","totalScraped":96}
[2026-02-16 15:56:36] [FULL] [INFO] Saved {"postId":"11175569750","totalScraped":97}
[2026-02-16 15:56:46] [FULL] [INFO] Saved {"postId":"11175569747","totalScraped":98}
[2026-02-16 15:56:48] [FULL] [INFO] Saved {"postId":"11175569745","totalScraped":99}
[2026-02-16 15:56:57] [FULL] [INFO] Saved {"postId":"11175569903","totalScraped":100}
[2026-02-16 15:57:08] [FULL] [INFO] Saved {"postId":"11175569900","totalScraped":101}
[2026-02-16 15:57:17] [FULL] [INFO] Saved {"postId":"11175569899","totalScraped":102}
[2026-02-16 15:57:26] [FULL] [INFO] Saved {"postId":"11175569760","totalScraped":103}
[2026-02-16 15:57:27] [FULL] [INFO] Saved {"postId":"11175569898","totalScraped":104}
[2026-02-16 15:57:36] [FULL] [INFO] Saved {"postId":"11175569894","totalScraped":105}
[2026-02-16 15:57:38] [FULL] [INFO] Saved {"postId":"11175569887","totalScraped":106}
[2026-02-16 15:57:48] [FULL] [INFO] Saved {"postId":"11175569879","totalScraped":107}
[2026-02-16 15:57:48] [FULL] [INFO] Saved {"postId":"11175569886","totalScraped":108}
[2026-02-16 15:57:57] [FULL] [INFO] Saved {"postId":"11175569904","totalScraped":109}
[2026-02-16 15:58:01] [FULL] [INFO] Saved {"postId":"11175569877","totalScraped":110}
[2026-02-16 15:58:07] [FULL] [INFO] Saved {"postId":"11175569873","totalScraped":111}
[2026-02-16 15:58:16] [FULL] [INFO] Saved {"postId":"11175569866","totalScraped":112}
[2026-02-16 15:58:26] [FULL] [INFO] Saved {"postId":"11175569865","totalScraped":113}
[2026-02-16 15:58:35] [FULL] [INFO] Saved {"postId":"11175569861","totalScraped":114}
[2026-02-16 15:58:43] [FULL] [INFO] Saved {"postId":"11175569857","totalScraped":115}
[2026-02-16 15:58:59] [FULL] [INFO] Saved {"postId":"11175569874","totalScraped":116}
[2026-02-16 15:59:10] [FULL] [INFO] Saved {"postId":"11175569853","totalScraped":117}
[2026-02-16 15:59:13] [FULL] [INFO] Saved {"postId":"11175569867","totalScraped":118}
[2026-02-16 15:59:23] [FULL] [INFO] Saved {"postId":"11175569850","totalScraped":119}
[2026-02-16 15:59:32] [FULL] [INFO] Saved {"postId":"11175569849","totalScraped":120}
[2026-02-16 15:59:53] [FULL] [INFO] Saved {"postId":"11175569856","totalScraped":121}
[2026-02-16 16:00:04] [FULL] [INFO] Saved {"postId":"11175569845","totalScraped":122}
[2026-02-16 16:00:14] [FULL] [INFO] Saved {"postId":"11175569843","totalScraped":123}
[2026-02-16 16:00:19] [FULL] [INFO] Saved {"postId":"11175569852","totalScraped":124}
[2026-02-16 16:00:22] [FULL] [INFO] Saved {"postId":"11175569842","totalScraped":125}
[2026-02-16 16:00:31] [FULL] [INFO] Saved {"postId":"11175569838","totalScraped":126}
[2026-02-16 16:00:39] [FULL] [INFO] Newly loaded ads {"from":139,"to":159,"count":20}
[2026-02-16 16:00:39] [FULL] [INFO] Queue backpressure {"queued":28,"pending":3,"concurrency":3}
[2026-02-16 16:00:41] [FULL] [INFO] Saved {"postId":"11175569847","totalScraped":127}
[2026-02-16 16:00:42] [FULL] [INFO] Saved {"postId":"11175569835","totalScraped":128}
[2026-02-16 16:00:52] [FULL] [INFO] Saved {"postId":"11175569833","totalScraped":129}
[2026-02-16 16:01:31] [FULL] [INFO] Saved {"postId":"11175569839","totalScraped":130}
[2026-02-16 16:01:53] [FULL] [INFO] Saved {"postId":"11175569832","totalScraped":131}
[2026-02-16 16:02:00] [FULL] [INFO] Saved {"postId":"175569831","totalScraped":132}
[2026-02-16 16:02:04] [FULL] [INFO] Saved {"postId":"11175569825","totalScraped":133}
[2026-02-16 16:02:09] [FULL] [INFO] Saved {"postId":"11175569824","totalScraped":134}
[2026-02-16 16:02:13] [FULL] [INFO] Saved {"postId":"11175569822","totalScraped":135}
[2026-02-16 16:02:19] [FULL] [INFO] Saved {"postId":"11175569820","totalScraped":136}
[2026-02-16 16:02:29] [FULL] [INFO] Saved {"postId":"11175570075","totalScraped":137}
[2026-02-16 16:02:40] [FULL] [INFO] Saved {"postId":"11175569828","totalScraped":138}
[2026-02-16 16:02:41] [FULL] [INFO] Saved {"postId":"11175570070","totalScraped":139}
[2026-02-16 16:02:52] [FULL] [INFO] Saved {"postId":"11175570068","totalScraped":140}
[2026-02-16 16:02:52] [FULL] [INFO] Saved {"postId":"11175570069","totalScraped":141}
[2026-02-16 16:03:06] [FULL] [INFO] Saved {"postId":"11175570067","totalScraped":142}
[2026-02-16 16:03:14] [FULL] [INFO] Saved {"postId":"11175570059","totalScraped":143}
[2026-02-16 16:03:23] [FULL] [INFO] Saved {"postId":"11175570058","totalScraped":144}
[2026-02-16 16:03:25] [FULL] [INFO] Saved {"postId":"11175570076","totalScraped":145}
[2026-02-16 16:03:34] [FULL] [INFO] Saved {"postId":"11175570056","totalScraped":146}
[2026-02-16 16:03:34] [FULL] [INFO] Saved {"postId":"11175570055","totalScraped":147}
[2026-02-16 16:03:44] [FULL] [INFO] Saved {"postId":"11175570053","totalScraped":148}
[2026-02-16 16:03:44] [FULL] [INFO] Newly loaded ads {"from":159,"to":220,"count":61}
[2026-02-16 16:03:44] [FULL] [INFO] Queue backpressure {"queued":67,"pending":3,"concurrency":3}
[2026-02-16 16:03:45] [FULL] [INFO] Saved {"postId":"11175570054","totalScraped":149}
[2026-02-16 16:03:56] [FULL] [INFO] Saved {"postId":"11175570047","totalScraped":150}
[2026-02-16 16:04:03] [FULL] [INFO] Saved {"postId":"11175570066","totalScraped":151}
[2026-02-16 16:04:06] [FULL] [INFO] Saved {"postId":"11175570044","totalScraped":152}
[2026-02-16 16:04:14] [FULL] [INFO] Saved {"postId":"11175570041","totalScraped":153}
[2026-02-16 16:04:15] [FULL] [INFO] Saved {"postId":"11175570039","totalScraped":154}
[2026-02-16 16:04:25] [FULL] [INFO] Saved {"postId":"11175570035","totalScraped":155}
[2026-02-16 16:04:25] [FULL] [INFO] Saved {"postId":"11175570038","totalScraped":156}
[2026-02-16 16:04:36] [FULL] [INFO] Saved {"postId":"11175570301","totalScraped":157}
[2026-02-16 16:04:36] [FULL] [INFO] Saved {"postId":"11175570300","totalScraped":158}
[2026-02-16 16:04:48] [FULL] [INFO] Saved {"postId":"11175570296","totalScraped":159}
[2026-02-16 16:04:49] [FULL] [INFO] Saved {"postId":"11175570287","totalScraped":160}
[2026-02-16 16:04:56] [FULL] [INFO] Saved {"postId":"11175570050","totalScraped":161}
[2026-02-16 16:05:00] [FULL] [INFO] Saved {"postId":"11175570285","totalScraped":162}
[2026-02-16 16:05:00] [FULL] [INFO] Saved {"postId":"11175570282","totalScraped":163}
[2026-02-16 16:05:07] [FULL] [INFO] Saved {"postId":"11175570281","totalScraped":164}
[2026-02-16 16:05:11] [FULL] [INFO] Saved {"postId":"11175570263","totalScraped":165}
[2026-02-16 16:05:18] [FULL] [INFO] Saved {"postId":"11175570260","totalScraped":166}
[2026-02-16 16:05:22] [FULL] [INFO] Saved {"postId":"11175570251","totalScraped":167}
[2026-02-16 16:05:29] [FULL] [INFO] Saved {"postId":"11175570250","totalScraped":168}
[2026-02-16 16:05:34] [FULL] [INFO] Saved {"postId":"11175570244","totalScraped":169}
[2026-02-16 16:05:39] [FULL] [INFO] Saved {"postId":"11175570242","totalScraped":170}
[2026-02-16 16:05:45] [FULL] [INFO] Saved {"postId":"11175570238","totalScraped":171}
[2026-02-16 16:05:49] [FULL] [INFO] Saved {"postId":"11175570235","totalScraped":172}
[2026-02-16 16:05:54] [FULL] [INFO] Saved {"postId":"11175570233","totalScraped":173}
[2026-02-16 16:05:59] [FULL] [INFO] Saved {"postId":"11175570232","totalScraped":174}
[2026-02-16 16:06:05] [FULL] [INFO] Saved {"postId":"11175570229","totalScraped":175}
[2026-02-16 16:06:09] [FULL] [INFO] Saved {"postId":"11175570228","totalScraped":176}
[2026-02-16 16:06:11] [FULL] [INFO] Saved {"postId":"11175570272","totalScraped":177}
[2026-02-16 16:06:15] [FULL] [INFO] Saved {"postId":"11175570289","totalScraped":178}
[2026-02-16 16:06:24] [FULL] [INFO] Saved {"postId":"11175570218","totalScraped":179}
[2026-02-16 16:06:25] [FULL] [INFO] Saved {"postId":"11175570223","totalScraped":180}
[2026-02-16 16:06:34] [FULL] [INFO] Saved {"postId":"11175570213","totalScraped":181}
[2026-02-16 16:06:37] [FULL] [INFO] Saved {"postId":"11175570216","totalScraped":182}
[2026-02-16 16:06:44] [FULL] [INFO] Saved {"postId":"11175570211","totalScraped":183}
[2026-02-16 16:06:48] [FULL] [INFO] Saved {"postId":"11175570210","totalScraped":184}
[2026-02-16 16:07:18] [FULL] [INFO] Saved {"postId":"11175570227","totalScraped":185}
[2026-02-16 16:07:29] [FULL] [INFO] Saved {"postId":"11175570194","totalScraped":186}
[2026-02-16 16:07:37] [FULL] [INFO] Saved {"postId":"11175570195","totalScraped":187}
[2026-02-16 16:07:39] [FULL] [INFO] Saved {"postId":"11175570200","totalScraped":188}
[2026-02-16 16:07:42] [FULL] [INFO] Saved {"postId":"11175570188","totalScraped":189}
[2026-02-16 16:07:48] [FULL] [INFO] Saved {"postId":"11175570186","totalScraped":190}
[2026-02-16 16:07:51] [FULL] [INFO] Saved {"postId":"11175570184","totalScraped":191}
[2026-02-16 16:07:52] [FULL] [INFO] Saved {"postId":"11175570183","totalScraped":192}
[2026-02-16 16:07:57] [FULL] [INFO] Saved {"postId":"11175570182","totalScraped":193}
[2026-02-16 16:08:03] [FULL] [INFO] Saved {"postId":"11175570180","totalScraped":194}
[2026-02-16 16:08:05] [FULL] [INFO] Saved {"postId":"11175570181","totalScraped":195}
[2026-02-16 16:08:07] [FULL] [INFO] Saved {"postId":"11175570178","totalScraped":196}
[2026-02-16 16:08:13] [FULL] [INFO] Saved {"postId":"11175570171","totalScraped":197}
[2026-02-16 16:08:16] [FULL] [INFO] Saved {"postId":"11175570167","totalScraped":198}
[2026-02-16 16:08:18] [FULL] [INFO] Saved {"postId":"11175570169","totalScraped":199}
[2026-02-16 16:08:26] [FULL] [INFO] Saved {"postId":"11175570163","totalScraped":200}
[2026-02-16 16:08:27] [FULL] [INFO] Saved {"postId":"11175570164","totalScraped":201}
[2026-02-16 16:09:30] [FULL] [INFO] Saved {"postId":"11175570152","totalScraped":202}
[2026-02-16 16:09:31] [FULL] [INFO] Saved {"postId":"11175570162","totalScraped":203}
[2026-02-16 16:09:33] [FULL] [INFO] Saved {"postId":"11175570159","totalScraped":204}
[2026-02-16 16:09:42] [FULL] [INFO] Saved {"postId":"11175570139","totalScraped":205}
[2026-02-16 16:09:43] [FULL] [INFO] Saved {"postId":"11175570143","totalScraped":206}
[2026-02-16 16:09:54] [FULL] [INFO] Saved {"postId":"11175570137","totalScraped":207}
[2026-02-16 16:09:55] [FULL] [INFO] Saved {"postId":"11175570138","totalScraped":208}
[2026-02-16 16:10:03] [FULL] [INFO] Saved {"postId":"11175570133","totalScraped":209}
[2026-02-16 16:10:05] [FULL] [INFO] Saved {"postId":"11175570135","totalScraped":210}
[2026-02-16 16:10:14] [FULL] [INFO] Saved {"postId":"11175570131","totalScraped":211}
[2026-02-16 16:10:16] [FULL] [INFO] Saved {"postId":"11175570130","totalScraped":212}
[2026-02-16 16:10:25] [FULL] [INFO] Saved {"postId":"11175570123","totalScraped":213}
[2026-02-16 16:10:26] [FULL] [INFO] Saved {"postId":"11175570125","totalScraped":214}
[2026-02-16 16:10:36] [FULL] [INFO] Saved {"postId":"11175570118","totalScraped":215}
[2026-02-16 16:10:37] [FULL] [INFO] Saved {"postId":"11175570121","totalScraped":216}
[2026-02-16 16:10:39] [FULL] [INFO] Saved {"postId":"11175570140","totalScraped":217}
[2026-02-16 16:10:47] [FULL] [INFO] Saved {"postId":"11175570116","totalScraped":218}
[2026-02-16 16:10:56] [FULL] [INFO] Newly loaded ads {"from":220,"to":241,"count":21}
[2026-02-16 16:10:56] [FULL] [INFO] Queue backpressure {"queued":18,"pending":3,"concurrency":3}
[2026-02-16 16:11:07] [FULL] [INFO] Saved {"postId":"11175570648","totalScraped":219}
[2026-02-16 16:11:08] [FULL] [INFO] Saved {"postId":"11175570654","totalScraped":220}
[2026-02-16 16:11:08] [FULL] [INFO] Saved {"postId":"11175570651","totalScraped":221}
[2026-02-16 16:11:19] [FULL] [INFO] Saved {"postId":"11175570643","totalScraped":222}
[2026-02-16 16:11:21] [FULL] [INFO] Saved {"postId":"11175570644","totalScraped":223}
[2026-02-16 16:11:32] [FULL] [INFO] Saved {"postId":"11175570636","totalScraped":224}
[2026-02-16 16:11:32] [FULL] [INFO] Saved {"postId":"11175570635","totalScraped":225}
[2026-02-16 16:11:43] [FULL] [INFO] Saved {"postId":"11175570633","totalScraped":226}
[2026-02-16 16:11:45] [FULL] [INFO] Saved {"postId":"11175570630","totalScraped":227}
[2026-02-16 16:11:55] [FULL] [INFO] Saved {"postId":"11175570629","totalScraped":228}
[2026-02-16 16:11:55] [FULL] [INFO] Saved {"postId":"11175570623","totalScraped":229}
[2026-02-16 16:12:05] [FULL] [INFO] Newly loaded ads {"from":241,"to":279,"count":38}
[2026-02-16 16:12:05] [FULL] [INFO] Queue backpressure {"queued":45,"pending":3,"concurrency":3}
[2026-02-16 16:12:06] [FULL] [INFO] Saved {"postId":"11175570618","totalScraped":230}
[2026-02-16 16:12:06] [FULL] [INFO] Saved {"postId":"11175570617","totalScraped":231}
[2026-02-16 16:12:17] [FULL] [INFO] Saved {"postId":"11175570645","totalScraped":232}
[2026-02-16 16:12:17] [FULL] [INFO] Saved {"postId":"11175570615","totalScraped":233}
[2026-02-16 16:12:18] [FULL] [INFO] Saved {"postId":"11175570609","totalScraped":234}
[2026-02-16 16:12:28] [FULL] [INFO] Saved {"postId":"11175570602","totalScraped":235}
[2026-02-16 16:12:28] [FULL] [INFO] Saved {"postId":"11175570607","totalScraped":236}
[2026-02-16 16:12:29] [FULL] [INFO] Saved {"postId":"11175570599","totalScraped":237}
[2026-02-16 16:12:39] [FULL] [INFO] Saved {"postId":"11175570596","totalScraped":238}
[2026-02-16 16:12:40] [FULL] [INFO] Saved {"postId":"11175570661","totalScraped":239}
[2026-02-16 16:12:42] [FULL] [INFO] Saved {"postId":"11175570597","totalScraped":240}
[2026-02-16 16:12:51] [FULL] [INFO] Saved {"postId":"11175570659","totalScraped":241}
[2026-02-16 16:12:51] [FULL] [INFO] Saved {"postId":"11175570592","totalScraped":242}
[2026-02-16 16:12:53] [FULL] [INFO] Saved {"postId":"11175570656","totalScraped":243}
[2026-02-16 16:13:00] [FULL] [INFO] Saved {"postId":"11175570583","totalScraped":244}
[2026-02-16 16:13:04] [FULL] [INFO] Saved {"postId":"11175570582","totalScraped":245}
[2026-02-16 16:13:04] [FULL] [INFO] Saved {"postId":"11175570587","totalScraped":246}
[2026-02-16 16:13:09] [FULL] [INFO] Saved {"postId":"11175570581","totalScraped":247}
[2026-02-16 16:13:14] [FULL] [INFO] Saved {"postId":"11175570580","totalScraped":248}
[2026-02-16 16:13:20] [FULL] [INFO] Saved {"postId":"11175570574","totalScraped":249}
[2026-02-16 16:13:24] [FULL] [INFO] Saved {"postId":"11175570572","totalScraped":250}
[2026-02-16 16:13:29] [FULL] [INFO] Saved {"postId":"11175570571","totalScraped":251}
[2026-02-16 16:13:35] [FULL] [INFO] Saved {"postId":"11175570570","totalScraped":252}
[2026-02-16 16:13:39] [FULL] [INFO] Saved {"postId":"11175570568","totalScraped":253}
[2026-02-16 16:13:48] [FULL] [INFO] Saved {"postId":"11175570564","totalScraped":254}
[2026-02-16 16:13:49] [FULL] [INFO] Saved {"postId":"11175570566","totalScraped":255}
[2026-02-16 16:14:00] [FULL] [INFO] Saved {"postId":"11175570562","totalScraped":256}
[2026-02-16 16:14:01] [FULL] [INFO] Saved {"postId":"11175570563","totalScraped":257}
[2026-02-16 16:14:12] [FULL] [INFO] Saved {"postId":"11175570554","totalScraped":258}
[2026-02-16 16:14:14] [FULL] [INFO] Saved {"postId":"11175570578","totalScraped":259}
[2026-02-16 16:14:22] [FULL] [INFO] Saved {"postId":"11175570553","totalScraped":260}
[2026-02-16 16:14:23] [FULL] [INFO] Saved {"postId":"11175570550","totalScraped":261}
[2026-02-16 16:14:34] [FULL] [INFO] Saved {"postId":"11175570544","totalScraped":262}
[2026-02-16 16:14:34] [FULL] [INFO] Saved {"postId":"11175570545","totalScraped":263}
[2026-02-16 16:14:44] [FULL] [INFO] Saved {"postId":"11175570539","totalScraped":264}
[2026-02-16 16:14:45] [FULL] [INFO] Saved {"postId":"11175570543","totalScraped":265}
[2026-02-16 16:14:55] [FULL] [INFO] Saved {"postId":"11175570538","totalScraped":266}
[2026-02-16 16:14:55] [FULL] [INFO] Saved {"postId":"11175570537","totalScraped":267}
[2026-02-16 16:15:12] [FULL] [INFO] Saved {"postId":"11175570558","totalScraped":268}
[2026-02-16 16:15:43] [FULL] [INFO] Newly loaded ads {"from":279,"to":300,"count":21}
[2026-02-16 16:15:43] [FULL] [INFO] Queue backpressure {"queued":27,"pending":3,"concurrency":3}
[2026-02-16 16:16:03] [FULL] [INFO] Saved {"postId":"175570534","totalScraped":269}
[2026-02-16 16:16:04] [FULL] [INFO] Saved {"postId":"175570527","totalScraped":270}
[2026-02-16 16:16:14] [FULL] [INFO] Saved {"postId":"11175570515","totalScraped":271}
[2026-02-16 16:16:15] [FULL] [INFO] Saved {"postId":"11175570523","totalScraped":272}
[2026-02-16 16:16:20] [FULL] [INFO] Saved {"postId":"175570526","totalScraped":273}
[2026-02-16 16:16:25] [FULL] [INFO] Saved {"postId":"11175570513","totalScraped":274}
[2026-02-16 16:16:27] [FULL] [INFO] Saved {"postId":"11175570511","totalScraped":275}
[2026-02-16 16:16:30] [FULL] [INFO] Saved {"postId":"11175570508","totalScraped":276}
[2026-02-16 16:16:34] [FULL] [INFO] Saved {"postId":"11175570507","totalScraped":277}
[2026-02-16 16:16:39] [FULL] [INFO] Saved {"postId":"11175570854","totalScraped":278}
[2026-02-16 16:16:40] [FULL] [INFO] Saved {"postId":"11175570855","totalScraped":279}
[2026-02-16 16:16:45] [FULL] [INFO] Saved {"postId":"11175570852","totalScraped":280}
[2026-02-16 16:16:50] [FULL] [INFO] Saved {"postId":"11175570848","totalScraped":281}
[2026-02-16 16:16:54] [FULL] [INFO] Saved {"postId":"11175570847","totalScraped":282}
[2026-02-16 16:17:02] [FULL] [INFO] Saved {"postId":"11175570846","totalScraped":283}
[2026-02-16 16:17:03] [FULL] [INFO] Saved {"postId":"11175570844","totalScraped":284}
[2026-02-16 16:17:13] [FULL] [INFO] Saved {"postId":"11175570839","totalScraped":285}
[2026-02-16 16:17:13] [FULL] [INFO] Saved {"postId":"11175570842","totalScraped":286}
[2026-02-16 16:17:51] [FULL] [INFO] Saved {"postId":"11175570851","totalScraped":287}
[2026-02-16 16:18:00] [FULL] [INFO] Newly loaded ads {"from":300,"to":321,"count":21}
[2026-02-16 16:18:00] [FULL] [INFO] Queue backpressure {"queued":29,"pending":3,"concurrency":3}
[2026-02-16 16:18:00] [FULL] [INFO] Saved {"postId":"11175570830","totalScraped":288}
[2026-02-16 16:18:09] [FULL] [INFO] Saved {"postId":"11175570828","totalScraped":289}
[2026-02-16 16:18:20] [FULL] [INFO] Saved {"postId":"11175570825","totalScraped":290}
[2026-02-16 16:18:21] [FULL] [INFO] Saved {"postId":"175570832","totalScraped":291}
[2026-02-16 16:18:22] [FULL] [INFO] Saved {"postId":"175570831","totalScraped":292}
[2026-02-16 16:18:31] [FULL] [INFO] Saved {"postId":"11175570824","totalScraped":293}
[2026-02-16 16:18:32] [FULL] [INFO] Saved {"postId":"11175570804","totalScraped":294}
[2026-02-16 16:18:32] [FULL] [INFO] Saved {"postId":"11175570810","totalScraped":295}
[2026-02-16 16:18:42] [FULL] [INFO] Saved {"postId":"11175570803","totalScraped":296}
[2026-02-16 16:18:42] [FULL] [INFO] Saved {"postId":"11175570801","totalScraped":297}
[2026-02-16 16:18:43] [FULL] [INFO] Saved {"postId":"11175570800","totalScraped":298}
[2026-02-16 16:18:53] [FULL] [INFO] Saved {"postId":"11175570995","totalScraped":299}
[2026-02-16 16:18:54] [FULL] [INFO] Saved {"postId":"11175570990","totalScraped":300}
[2026-02-16 16:18:57] [FULL] [INFO] Saved {"postId":"11175570993","totalScraped":301}
[2026-02-16 16:19:04] [FULL] [INFO] Saved {"postId":"11175570989","totalScraped":302}
[2026-02-16 16:19:07] [FULL] [INFO] Saved {"postId":"11175570984","totalScraped":303}
[2026-02-16 16:19:07] [FULL] [INFO] Saved {"postId":"11175570986","totalScraped":304}
[2026-02-16 16:19:14] [FULL] [INFO] Saved {"postId":"11175570983","totalScraped":305}
[2026-02-16 16:19:16] [FULL] [INFO] Saved {"postId":"11175570975","totalScraped":306}
[2026-02-16 16:19:18] [FULL] [INFO] Saved {"postId":"11175570982","totalScraped":307}
[2026-02-16 16:19:24] [FULL] [INFO] Saved {"postId":"11175570974","totalScraped":308}
[2026-02-16 16:19:27] [FULL] [INFO] Saved {"postId":"11175570959","totalScraped":309}
[2026-02-16 16:19:28] [FULL] [INFO] Saved {"postId":"11175570965","totalScraped":310}
[2026-02-16 16:19:34] [FULL] [INFO] Newly loaded ads {"from":321,"to":342,"count":21}
[2026-02-16 16:19:34] [FULL] [INFO] Queue backpressure {"queued":27,"pending":3,"concurrency":3}
[2026-02-16 16:19:35] [FULL] [INFO] Saved {"postId":"11175570957","totalScraped":311}
[2026-02-16 16:19:39] [FULL] [INFO] Saved {"postId":"11175570952","totalScraped":312}
[2026-02-16 16:19:39] [FULL] [INFO] Saved {"postId":"11175570953","totalScraped":313}
[2026-02-16 16:19:47] [FULL] [INFO] Saved {"postId":"11175570951","totalScraped":314}
[2026-02-16 16:19:49] [FULL] [INFO] Saved {"postId":"11175570950","totalScraped":315}
[2026-02-16 16:19:52] [FULL] [INFO] Saved {"postId":"11175570949","totalScraped":316}
[2026-02-16 16:19:59] [FULL] [INFO] Saved {"postId":"11175570942","totalScraped":317}
[2026-02-16 16:20:02] [FULL] [INFO] Saved {"postId":"11175570940","totalScraped":318}
[2026-02-16 16:20:02] [FULL] [INFO] Saved {"postId":"11175570934","totalScraped":319}
[2026-02-16 16:21:10] [FULL] [INFO] Saved {"postId":"175571045","totalScraped":320}
[2026-02-16 16:21:11] [FULL] [INFO] Saved {"postId":"175571047","totalScraped":321}
[2026-02-16 16:21:22] [FULL] [INFO] Saved {"postId":"11175571044","totalScraped":322}
[2026-02-16 16:21:23] [FULL] [INFO] Saved {"postId":"11175571042","totalScraped":323}
[2026-02-16 16:21:34] [FULL] [INFO] Saved {"postId":"11175571040","totalScraped":324}
[2026-02-16 16:21:34] [FULL] [INFO] Saved {"postId":"11175571041","totalScraped":325}
[2026-02-16 16:21:44] [FULL] [INFO] Saved {"postId":"11175571030","totalScraped":326}
[2026-02-16 16:21:55] [FULL] [INFO] Saved {"postId":"11175571029","totalScraped":327}
[2026-02-16 16:22:06] [FULL] [INFO] Saved {"postId":"11175571026","totalScraped":328}
[2026-02-16 16:22:17] [FULL] [INFO] Saved {"postId":"11175571023","totalScraped":329}
[2026-02-16 16:22:26] [FULL] [INFO] Newly loaded ads {"from":342,"to":363,"count":21}
[2026-02-16 16:22:26] [FULL] [INFO] Queue backpressure {"queued":29,"pending":3,"concurrency":3}
[2026-02-16 16:22:27] [FULL] [INFO] Saved {"postId":"11175571021","totalScraped":330}
[2026-02-16 16:22:37] [FULL] [INFO] Saved {"postId":"11175571020","totalScraped":331}
[2026-02-16 16:22:45] [FULL] [INFO] Saved {"postId":"11175571035","totalScraped":332}
[2026-02-16 16:22:48] [FULL] [INFO] Saved {"postId":"11175571018","totalScraped":333}
[2026-02-16 16:22:58] [FULL] [INFO] Saved {"postId":"11175571016","totalScraped":334}
[2026-02-16 16:22:59] [FULL] [INFO] Saved {"postId":"11175571015","totalScraped":335}
[2026-02-16 16:23:08] [FULL] [INFO] Saved {"postId":"11175571013","totalScraped":336}
[2026-02-16 16:23:10] [FULL] [INFO] Saved {"postId":"11175571009","totalScraped":337}
[2026-02-16 16:23:10] [FULL] [INFO] Saved {"postId":"11175571048","totalScraped":338}
[2026-02-16 16:23:18] [FULL] [INFO] Saved {"postId":"11175571006","totalScraped":339}
[2026-02-16 16:23:20] [FULL] [INFO] Saved {"postId":"11175571007","totalScraped":340}
[2026-02-16 16:23:31] [FULL] [INFO] Saved {"postId":"11175571264","totalScraped":341}
[2026-02-16 16:23:41] [FULL] [INFO] Saved {"postId":"11175571263","totalScraped":342}
[2026-02-16 16:23:52] [FULL] [INFO] Saved {"postId":"11175571262","totalScraped":343}
[2026-02-16 16:24:22] [FULL] [INFO] Saved {"postId":"11175571270","totalScraped":344}
[2026-02-16 16:24:26] [FULL] [INFO] Saved {"postId":"11175571268","totalScraped":345}
[2026-02-16 16:24:37] [FULL] [INFO] Saved {"postId":"11175571242","totalScraped":346}
[2026-02-16 16:24:48] [FULL] [INFO] Saved {"postId":"11175571241","totalScraped":347}
[2026-02-16 16:24:58] [FULL] [INFO] Saved {"postId":"11175571234","totalScraped":348}
[2026-02-16 16:25:00] [FULL] [INFO] Saved {"postId":"11175571261","totalScraped":349}
[2026-02-16 16:25:09] [FULL] [INFO] Saved {"postId":"11175571228","totalScraped":350}
[2026-02-16 16:25:10] [FULL] [INFO] Saved {"postId":"11175571230","totalScraped":351}
[2026-02-16 16:25:18] [FULL] [INFO] Newly loaded ads {"from":363,"to":383,"count":20}
[2026-02-16 16:25:18] [FULL] [INFO] Queue backpressure {"queued":27,"pending":3,"concurrency":3}
[2026-02-16 16:25:21] [FULL] [INFO] Saved {"postId":"11175571227","totalScraped":352}
[2026-02-16 16:25:21] [FULL] [INFO] Saved {"postId":"11175571226","totalScraped":353}
[2026-02-16 16:25:29] [FULL] [INFO] Saved {"postId":"175571258","totalScraped":354}
[2026-02-16 16:25:39] [FULL] [INFO] Saved {"postId":"11175571219","totalScraped":355}
[2026-02-16 16:25:49] [FULL] [INFO] Saved {"postId":"11175571218","totalScraped":356}
[2026-02-16 16:25:59] [FULL] [INFO] Saved {"postId":"11175571217","totalScraped":357}
[2026-02-16 16:26:11] [FULL] [INFO] Saved {"postId":"11175571209","totalScraped":358}
[2026-02-16 16:26:20] [FULL] [INFO] Saved {"postId":"11175571251","totalScraped":359}
[2026-02-16 16:26:29] [FULL] [INFO] Saved {"postId":"11175571452","totalScraped":360}
[2026-02-16 16:26:32] [FULL] [INFO] Saved {"postId":"11175571224","totalScraped":361}
[2026-02-16 16:26:33] [FULL] [INFO] Saved {"postId":"11175571222","totalScraped":362}
[2026-02-16 16:26:40] [FULL] [INFO] Saved {"postId":"11175571450","totalScraped":363}
[2026-02-16 16:26:44] [FULL] [INFO] Saved {"postId":"11175571447","totalScraped":364}
[2026-02-16 16:26:44] [FULL] [INFO] Saved {"postId":"11175571445","totalScraped":365}
[2026-02-16 16:26:51] [FULL] [INFO] Saved {"postId":"11175571444","totalScraped":366}
[2026-02-16 16:26:55] [FULL] [INFO] Saved {"postId":"11175571436","totalScraped":367}
[2026-02-16 16:26:56] [FULL] [INFO] Saved {"postId":"11175571438","totalScraped":368}
[2026-02-16 16:27:00] [FULL] [INFO] Saved {"postId":"11175571433","totalScraped":369}
[2026-02-16 16:27:06] [FULL] [INFO] Saved {"postId":"11175571429","totalScraped":370}
[2026-02-16 16:27:07] [FULL] [INFO] Saved {"postId":"11175571426","totalScraped":371}
[2026-02-16 16:27:15] [FULL] [INFO] Newly loaded ads {"from":383,"to":412,"count":29}
[2026-02-16 16:27:15] [FULL] [INFO] Queue backpressure {"queued":36,"pending":3,"concurrency":3}
[2026-02-16 16:27:18] [FULL] [INFO] Saved {"postId":"11175571424","totalScraped":372}
[2026-02-16 16:27:18] [FULL] [INFO] Saved {"postId":"11175571421","totalScraped":373}
[2026-02-16 16:27:27] [FULL] [INFO] Saved {"postId":"11175571420","totalScraped":374}
[2026-02-16 16:27:28] [FULL] [INFO] Saved {"postId":"11175571414","totalScraped":375}
[2026-02-16 16:28:09] [FULL] [INFO] Saved {"postId":"11175571425","totalScraped":376}
[2026-02-16 16:28:20] [FULL] [INFO] Saved {"postId":"11175571404","totalScraped":377}
[2026-02-16 16:28:31] [FULL] [INFO] Saved {"postId":"11175571403","totalScraped":378}
[2026-02-16 16:28:35] [FULL] [INFO] Saved {"postId":"175571411","totalScraped":379}
[2026-02-16 16:28:36] [FULL] [INFO] Saved {"postId":"175571413","totalScraped":380}
[2026-02-16 16:28:41] [FULL] [INFO] Saved {"postId":"11175571400","totalScraped":381}
[2026-02-16 16:28:47] [FULL] [INFO] Saved {"postId":"11175571539","totalScraped":382}
[2026-02-16 16:28:48] [FULL] [INFO] Saved {"postId":"11175571533","totalScraped":383}
[2026-02-16 16:28:49] [FULL] [INFO] Saved {"postId":"11175571527","totalScraped":384}
[2026-02-16 16:28:59] [FULL] [INFO] Saved {"postId":"11175571526","totalScraped":385}
[2026-02-16 16:29:00] [FULL] [INFO] Saved {"postId":"11175571522","totalScraped":386}
[2026-02-16 16:29:00] [FULL] [INFO] Saved {"postId":"11175571520","totalScraped":387}
[2026-02-16 16:29:11] [FULL] [INFO] Saved {"postId":"11175571519","totalScraped":388}
[2026-02-16 16:29:18] [FULL] [INFO] Saved {"postId":"11175571513","totalScraped":389}
[2026-02-16 16:29:28] [FULL] [INFO] Saved {"postId":"11175571512","totalScraped":390}
[2026-02-16 16:29:37] [FULL] [INFO] Saved {"postId":"11175571511","totalScraped":391}
[2026-02-16 16:30:11] [FULL] [INFO] Saved {"postId":"11175571515","totalScraped":392}
[2026-02-16 16:30:11] [FULL] [INFO] Saved {"postId":"11175571516","totalScraped":393}
[2026-02-16 16:30:20] [FULL] [INFO] Saved {"postId":"11175571506","totalScraped":394}
[2026-02-16 16:30:23] [FULL] [INFO] Saved {"postId":"11175571503","totalScraped":395}
[2026-02-16 16:30:31] [FULL] [INFO] Saved {"postId":"11175571499","totalScraped":396}
[2026-02-16 16:30:34] [FULL] [INFO] Saved {"postId":"11175571491","totalScraped":397}
[2026-02-16 16:30:42] [FULL] [INFO] Saved {"postId":"11175571487","totalScraped":398}
[2026-02-16 16:30:44] [FULL] [INFO] Saved {"postId":"11175571486","totalScraped":399}
[2026-02-16 16:30:48] [FULL] [INFO] Saved {"postId":"11175571510","totalScraped":400}
[2026-02-16 16:30:52] [FULL] [INFO] Saved {"postId":"11175571484","totalScraped":401}
[2026-02-16 16:30:54] [FULL] [INFO] Saved {"postId":"11175571469","totalScraped":402}
[2026-02-16 16:30:56] [FULL] [INFO] Newly loaded ads {"from":412,"to":448,"count":36}
[2026-02-16 16:30:56] [FULL] [INFO] Queue backpressure {"queued":41,"pending":3,"concurrency":3}
[2026-02-16 16:30:58] [FULL] [INFO] Saved {"postId":"11175571468","totalScraped":403}
[2026-02-16 16:31:04] [FULL] [INFO] Saved {"postId":"11175571466","totalScraped":404}
[2026-02-16 16:31:06] [FULL] [INFO] Saved {"postId":"11175571465","totalScraped":405}
[2026-02-16 16:31:09] [FULL] [INFO] Saved {"postId":"11175571462","totalScraped":406}
[2026-02-16 16:31:14] [FULL] [INFO] Saved {"postId":"11175571460","totalScraped":407}
[2026-02-16 16:31:18] [FULL] [INFO] Saved {"postId":"11175571459","totalScraped":408}
[2026-02-16 16:31:20] [FULL] [INFO] Saved {"postId":"11175571458","totalScraped":409}
[2026-02-16 16:31:25] [FULL] [INFO] Saved {"postId":"11175571443","totalScraped":410}
