[2026-02-15 16:24:49] [LIST] [INFO] Waiting for listing container...
[2026-02-15 16:24:50] [LIST] [INFO] Waiting for at least 1 post item...
[2026-02-15 16:24:53] [LIST] [INFO] Listing ready
[2026-02-15 16:29:26] [LIST] [INFO] Waiting for listing container...
[2026-02-15 16:29:26] [LIST] [INFO] Waiting for at least 1 post item...
[2026-02-15 16:29:31] [LIST] [INFO] Listing ready
[2026-02-15 16:35:40] [LIST] [INFO] Waiting for listing container...
[2026-02-15 16:35:40] [LIST] [INFO] Waiting for at least 1 post item...
[2026-02-15 16:35:44] [LIST] [INFO] Listing ready
[2026-02-15 16:35:44] [LIST] [INFO] Reading visible ads {"total":18,"limit":18}
[2026-02-15 16:35:44] [LIST] [INFO] Visible ads parsed {"total":18,"kept":18,"sample":[{"postId":"175506493","url":"https://haraj.com.sa/11175506493/%D9%83%D8%A7%D9%85%D8%B1%D9%8A_2023%D9%86%D8%B5_%D9%81%D9%84_%D9%87%D8%A7%D9%8A%D8%A8%D8%B1%D8%AF/"},{"postId":"175506492","url":"https://haraj.com.sa/11175506492/%D9%85%D8%A7%D8%B2%D8%AF%D8%A76_%D9%86%D8%B5_%D9%81%D9%84_2025_%D8%AE%D9%84%D9%8A%D8%AC%D9%8A/"},{"postId":"175506489","url":"https://haraj.com.sa/11175506489/%D8%B4%D9%81%D8%B1%D9%88%D9%84%D9%8A%D9%87_%D8%A7%D9%81%D9%8A%D9%88_2014/"}]}
[2026-02-15 16:35:45] [LIST] [INFO] Clicking load more {"before":18}
[2026-02-15 16:35:49] [LIST] [WARN] Load more click failed {"err":"Error: locator.click: Target page, context or browser has been closed\nCall log:\n\u001b[2m  - waiting for locator('button[data-testid=\"posts-load-more\"]')\u001b[22m\n\u001b[2m    - locator resolved to <button type=\"button\" data-testid=\"posts-load-more\" class=\"my-[5px] flex items-center justify-center whitespace-nowrap border enabled:cursor-pointer disabled:opacity-60 bg-transparent text-text-primary border-text-primary enabled:hover:bg-background enabled:hover:shadow-1 rounded-[10px] h-[40px] p-[15px]  !text-elementary !bg-background-card dark:!border-secondary-input-gray dark:!text-secondary mt-5 !h-auto !border-gray-300 !px-6 !py-3 md:!px-8 md:!py-4\">…</button>\u001b[22m\n\u001b[2m  - attempting click action\u001b[22m\n\u001b[2m    - waiting for element to be visible, enabled and stable\u001b[22m\n\u001b[2m    - element is visible, enabled and stable\u001b[22m\n\u001b[2m    - scrolling into view if needed\u001b[22m\n\u001b[2m    - done scrolling\u001b[22m\n\u001b[2m    - performing click action\u001b[22m\n"}
[2026-02-15 18:59:46] [LIST] [INFO] Waiting for listing container...
[2026-02-15 18:59:47] [LIST] [INFO] Waiting for at least 1 post item...
[2026-02-15 18:59:49] [LIST] [INFO] Listing ready
[2026-02-15 18:59:49] [LIST] [INFO] Reading visible ads {"total":19,"limit":19}
[2026-02-15 18:59:49] [LIST] [INFO] Visible ads parsed {"total":19,"kept":19,"sample":[{"postId":"175517645","url":"https://haraj.com.sa/11175517645/%D9%81%D8%B1%D8%B4%D9%86%D8%B12018_%D8%AA%D8%B4%D9%84%D9%8A%D8%AD/"},{"postId":"175517643","url":"https://haraj.com.sa/11175517643/%D9%86%D9%8A%D8%B3%D8%A7%D9%86_%D9%83%D9%8A%D9%83%D8%B3_2020_%D8%B3%D8%AA%D8%A7%D9%86%D8%AF%D8%B1/"},{"postId":"175517633","url":"https://haraj.com.sa/11175517633/%D8%A7%D9%84%D8%B1%D9%8A%D8%A7%D8%B6_%D8%A7%D9%84%D8%B4%D9%81%D8%A7/"}]}
[2026-02-15 18:59:49] [LIST] [INFO] Clicking load more {"before":19}
[2026-02-15 18:59:53] [LIST] [INFO] Load more result {"before":19,"after":38}
[2026-02-15 18:59:53] [LIST] [INFO] Reading visible ads {"total":38,"limit":20}
[2026-02-15 18:59:54] [LIST] [INFO] Visible ads parsed {"total":38,"kept":20,"sample":[{"postId":"175517645","url":"https://haraj.com.sa/11175517645/%D9%81%D8%B1%D8%B4%D9%86%D8%B12018_%D8%AA%D8%B4%D9%84%D9%8A%D8%AD/"},{"postId":"175517643","url":"https://haraj.com.sa/11175517643/%D9%86%D9%8A%D8%B3%D8%A7%D9%86_%D9%83%D9%8A%D9%83%D8%B3_2020_%D8%B3%D8%AA%D8%A7%D9%86%D8%AF%D8%B1/"},{"postId":"175517633","url":"https://haraj.com.sa/11175517633/%D8%A7%D9%84%D8%B1%D9%8A%D8%A7%D8%B6_%D8%A7%D9%84%D8%B4%D9%81%D8%A7/"}]}
[2026-02-15 19:06:39] [LIST] [INFO] Waiting for listing container...
[2026-02-15 19:06:40] [LIST] [INFO] Waiting for at least 1 post item...
[2026-02-15 19:06:42] [LIST] [INFO] Listing ready
[2026-02-15 19:06:42] [LIST] [INFO] Reading visible ads {"total":20,"limit":20}
[2026-02-15 19:06:43] [LIST] [INFO] Visible ads parsed {"total":20,"kept":20,"sample":[{"postId":"175518229","url":"https://haraj.com.sa/11175518229/%D8%AC%D9%85%D8%B3_%D8%B3%D9%8A%D8%B1%D8%A7_%D9%81%D9%84_%D9%83%D8%A7%D9%85%D9%84_%D8%AF%D8%A8%D9%84_%D9%81%D8%B1%D8%A7%D8%B1/"},{"postId":"175518225","url":"https://haraj.com.sa/11175518225/%D9%83%D8%A7%D9%85%D8%B1%D9%8A_%D9%84%D9%84%D8%A8%D9%8A%D8%B9/"},{"postId":"175518219","url":"https://haraj.com.sa/11175518219/%D8%AA%D8%A7%D9%8A%D9%88%D8%AA%D8%A7_%D9%83%D8%A7%D9%85%D8%B1%D9%8A_2013/"}]}
[2026-02-15 19:06:43] [LIST] [INFO] Clicking load more {"before":20}
[2026-02-15 19:06:48] [LIST] [INFO] Load more result {"before":20,"after":40}
[2026-02-15 19:06:48] [LIST] [INFO] Reading visible ads {"total":40,"limit":20}
[2026-02-15 19:06:49] [LIST] [INFO] Visible ads parsed {"total":40,"kept":20,"sample":[{"postId":"175518229","url":"https://haraj.com.sa/11175518229/%D8%AC%D9%85%D8%B3_%D8%B3%D9%8A%D8%B1%D8%A7_%D9%81%D9%84_%D9%83%D8%A7%D9%85%D9%84_%D8%AF%D8%A8%D9%84_%D9%81%D8%B1%D8%A7%D8%B1/"},{"postId":"175518225","url":"https://haraj.com.sa/11175518225/%D9%83%D8%A7%D9%85%D8%B1%D9%8A_%D9%84%D9%84%D8%A8%D9%8A%D8%B9/"},{"postId":"175518219","url":"https://haraj.com.sa/11175518219/%D8%AA%D8%A7%D9%8A%D9%88%D8%AA%D8%A7_%D9%83%D8%A7%D9%85%D8%B1%D9%8A_2013/"}]}
[2026-02-15 19:08:21] [LIST] [INFO] Waiting for listing container...
[2026-02-15 19:08:21] [LIST] [INFO] Waiting for at least 1 post item...
[2026-02-15 19:08:24] [LIST] [INFO] Listing ready
[2026-02-15 19:08:24] [LIST] [INFO] Reading visible ads {"total":19,"limit":19}
[2026-02-15 19:08:25] [LIST] [INFO] Visible ads parsed {"total":19,"kept":19,"sample":[{"postId":"175518357","url":"https://haraj.com.sa/11175518357/%D9%87%D9%88%D9%86%D8%AF%D8%A7_%D8%A7%D9%83%D9%88%D8%B1%D8%AF_2006_%D9%85%D8%AE%D8%B2%D9%86%D9%87_%D8%A8%D8%AD%D8%A7%D9%84%D9%87_%D8%A7%D9%84%D9%88%D9%83%D8%A7%D9%84%D9%87/"},{"postId":"175518350","url":"https://haraj.com.sa/11175518350/%D8%A7%D8%B2%D9%8A%D8%B1%D8%A7/"},{"postId":"175518349","url":"https://haraj.com.sa/11175518349/%D9%85%D8%A7%D8%B2%D8%AF%D8%A7_CX9_%D9%85%D9%88%D8%AF%D9%8A%D9%84_2015/"}]}
[2026-02-15 19:08:25] [LIST] [INFO] Clicking load more {"before":19}
[2026-02-15 19:08:30] [LIST] [INFO] Load more result {"before":19,"after":39}
[2026-02-15 19:08:30] [LIST] [INFO] Reading visible ads {"total":39,"limit":20}
[2026-02-15 19:08:31] [LIST] [INFO] Visible ads parsed {"total":39,"kept":20,"sample":[{"postId":"175518357","url":"https://haraj.com.sa/11175518357/%D9%87%D9%88%D9%86%D8%AF%D8%A7_%D8%A7%D9%83%D9%88%D8%B1%D8%AF_2006_%D9%85%D8%AE%D8%B2%D9%86%D9%87_%D8%A8%D8%AD%D8%A7%D9%84%D9%87_%D8%A7%D9%84%D9%88%D9%83%D8%A7%D9%84%D9%87/"},{"postId":"175518350","url":"https://haraj.com.sa/11175518350/%D8%A7%D8%B2%D9%8A%D8%B1%D8%A7/"},{"postId":"175518349","url":"https://haraj.com.sa/11175518349/%D9%85%D8%A7%D8%B2%D8%AF%D8%A7_CX9_%D9%85%D9%88%D8%AF%D9%8A%D9%84_2015/"}]}
[2026-02-15 19:15:44] [LIST] [INFO] Waiting for listing container...
[2026-02-15 19:15:45] [LIST] [INFO] Waiting for at least 1 post item...
[2026-02-15 19:15:46] [LIST] [INFO] Listing ready
[2026-02-15 19:15:46] [LIST] [INFO] Reading visible ads {"total":17,"limit":17}
[2026-02-15 19:15:47] [LIST] [INFO] Visible ads parsed {"total":17,"kept":17,"sample":[{"postId":"175518884","url":"https://haraj.com.sa/11175518884/%D8%A7%D9%84%D9%86%D8%AA%D8%B1%D8%A7%D8%A7/"},{"postId":"175518882","url":"https://haraj.com.sa/11175518882/%D8%AC%D9%86%D8%A7%D8%AD/"},{"postId":"175518875","url":"https://haraj.com.sa/11175518875/%D9%83%D9%8A%D8%A7_%D8%A7%D9%88%D8%A8%D8%AA%D9%8A%D9%85%D8%A7_2018/"}]}
[2026-02-15 19:15:47] [LIST] [INFO] Clicking load more {"before":17}
[2026-02-15 19:15:51] [LIST] [INFO] Load more result {"before":17,"after":35}
[2026-02-15 19:15:52] [LIST] [INFO] Reading visible ads {"total":35,"limit":20}
[2026-02-15 19:15:53] [LIST] [INFO] Visible ads parsed {"total":35,"kept":20,"sample":[{"postId":"175518884","url":"https://haraj.com.sa/11175518884/%D8%A7%D9%84%D9%86%D8%AA%D8%B1%D8%A7%D8%A7/"},{"postId":"175518882","url":"https://haraj.com.sa/11175518882/%D8%AC%D9%86%D8%A7%D8%AD/"},{"postId":"175518875","url":"https://haraj.com.sa/11175518875/%D9%83%D9%8A%D8%A7_%D8%A7%D9%88%D8%A8%D8%AA%D9%8A%D9%85%D8%A7_2018/"}]}
[2026-02-15 19:16:09] [LIST] [INFO] Load more not found
[2026-02-15 19:22:21] [LIST] [INFO] Waiting for listing container...
[2026-02-15 19:22:21] [LIST] [INFO] Waiting for at least 1 post item...
[2026-02-15 19:22:23] [LIST] [INFO] Listing ready
[2026-02-15 19:22:23] [LIST] [INFO] Reading visible ads {"total":21,"limit":20}
[2026-02-15 19:22:23] [LIST] [INFO] Visible ads parsed {"total":21,"kept":20,"sample":[{"postId":"175519411","url":"https://haraj.com.sa/11175519411/%D9%85%D8%B7%D9%84%D9%88%D9%88%D9%88%D8%A8_%D8%A8%D8%A7%D9%86%D8%B4%D9%8A_%D8%A7%D9%82%D8%B3%D8%A7%D8%B7/"},{"postId":"175519408","url":"https://haraj.com.sa/11175519408/%D8%A7%D8%B2%D9%8A%D8%B1%D8%A7_2015_%D8%A7%D9%84%D9%81%D8%AD%D8%B5_%D8%B3%D8%A7%D8%B1%D9%8A_%D9%84%D8%BA%D8%A7%D9%8A%D9%87_%D8%B3%D9%86%D9%87_%D9%85%D8%AD%D8%B1%D9%83_%D9%83%D9%8A%D8%B1_%D8%AC%D8%AF%D9%8A%D8%AF_%D9%85%D8%B7%D9%84%D9%88%D8%A8_20/"},{"postId":"175519407","url":"https://haraj.com.sa/11175519407/%D8%A7%D9%81_%D8%AC%D9%8A_2014/"}]}
[2026-02-15 19:22:23] [LIST] [INFO] Clicking load more {"before":21}
[2026-02-15 19:22:28] [LIST] [INFO] Load more result {"before":21,"after":40}
[2026-02-15 19:22:28] [LIST] [INFO] Reading visible ads {"total":40,"limit":20}
[2026-02-15 19:22:29] [LIST] [INFO] Visible ads parsed {"total":40,"kept":20,"sample":[{"postId":"175519411","url":"https://haraj.com.sa/11175519411/%D9%85%D8%B7%D9%84%D9%88%D9%88%D9%88%D8%A8_%D8%A8%D8%A7%D9%86%D8%B4%D9%8A_%D8%A7%D9%82%D8%B3%D8%A7%D8%B7/"},{"postId":"175519408","url":"https://haraj.com.sa/11175519408/%D8%A7%D8%B2%D9%8A%D8%B1%D8%A7_2015_%D8%A7%D9%84%D9%81%D8%AD%D8%B5_%D8%B3%D8%A7%D8%B1%D9%8A_%D9%84%D8%BA%D8%A7%D9%8A%D9%87_%D8%B3%D9%86%D9%87_%D9%85%D8%AD%D8%B1%D9%83_%D9%83%D9%8A%D8%B1_%D8%AC%D8%AF%D9%8A%D8%AF_%D9%85%D8%B7%D9%84%D9%88%D8%A8_20/"},{"postId":"175519407","url":"https://haraj.com.sa/11175519407/%D8%A7%D9%81_%D8%AC%D9%8A_2014/"}]}
[2026-02-15 19:41:13] [LIST] [INFO] Waiting for listing container...
[2026-02-15 19:41:14] [LIST] [INFO] Waiting for at least 1 post item...
[2026-02-15 19:41:16] [LIST] [INFO] Listing ready
[2026-02-15 19:41:16] [LIST] [INFO] Reading visible ads {"total":18,"limit":18}
[2026-02-15 19:41:16] [LIST] [INFO] Visible ads parsed {"total":18,"kept":18,"sample":[{"postId":"175520847","url":"https://haraj.com.sa/11175520847/%D8%AC%D8%A7%D8%BA%D9%88%D8%A7%D8%B1_%D9%84%D9%84%D8%A8%D9%8A%D8%B9/"},{"postId":"175520835","url":"https://haraj.com.sa/11175520835/%D8%AC%D9%86%D9%88%D8%B7_%D8%AF%D9%85%D8%B9%D9%87_%D9%85%D8%A7%D9%8A%D9%84%D9%87_%D9%85%D8%B9_%D9%83%D9%81%D8%B1%D8%A7%D8%AA/"},{"postId":"175520827","url":"https://haraj.com.sa/11175520827/%D9%85%D8%B7%D9%84%D9%88%D8%A8_%D8%B3%D9%8A%D9%8A%D8%B1%D8%A7_%D9%85%D9%88%D8%AF%D9%8A%D9%84_22_%D8%A7%D9%88_23_%D8%A7%D9%84%D9%81%D9%8A%D8%B3_%D9%84%D9%81%D8%AA_%D8%A7%D9%84%D8%AC%D8%AF%D9%8A%D8%AF/"}]}
[2026-02-15 19:41:16] [LIST] [INFO] Clicking load more {"before":18}
[2026-02-15 19:41:20] [LIST] [INFO] Load more result {"before":18,"after":38}
[2026-02-15 19:41:21] [LIST] [INFO] Reading visible ads {"total":38,"limit":20}
[2026-02-15 19:41:23] [LIST] [INFO] Visible ads parsed {"total":38,"kept":20,"sample":[{"postId":"175520847","url":"https://haraj.com.sa/11175520847/%D8%AC%D8%A7%D8%BA%D9%88%D8%A7%D8%B1_%D9%84%D9%84%D8%A8%D9%8A%D8%B9/"},{"postId":"175520835","url":"https://haraj.com.sa/11175520835/%D8%AC%D9%86%D9%88%D8%B7_%D8%AF%D9%85%D8%B9%D9%87_%D9%85%D8%A7%D9%8A%D9%84%D9%87_%D9%85%D8%B9_%D9%83%D9%81%D8%B1%D8%A7%D8%AA/"},{"postId":"175520827","url":"https://haraj.com.sa/11175520827/%D9%85%D8%B7%D9%84%D9%88%D8%A8_%D8%B3%D9%8A%D9%8A%D8%B1%D8%A7_%D9%85%D9%88%D8%AF%D9%8A%D9%84_22_%D8%A7%D9%88_23_%D8%A7%D9%84%D9%81%D9%8A%D8%B3_%D9%84%D9%81%D8%AA_%D8%A7%D9%84%D8%AC%D8%AF%D9%8A%D8%AF/"}]}
[2026-02-15 19:41:49] [LIST] [INFO] Load more not found
[2026-02-15 20:22:40] [LIST] [INFO] Waiting for listing container...
[2026-02-15 20:22:40] [LIST] [INFO] Waiting for at least 1 post item...
[2026-02-15 20:22:42] [LIST] [INFO] Listing ready
[2026-02-15 20:22:42] [LIST] [INFO] Reading visible ads {"total":20,"limit":20}
[2026-02-15 20:22:43] [LIST] [INFO] Visible ads parsed {"total":20,"kept":20,"sample":[{"postId":"175523665","url":"https://haraj.com.sa/11175523665/%D9%85%D8%B7%D9%84%D9%88%D8%A8_%D8%B3%D9%8A%D8%A7%D8%B1%D9%87_%D9%88%D8%B3%D8%B9%D8%B1%D9%87%D8%A7_%D9%86%D8%B5%D9%87_%D9%83%D8%A7%D8%B4_15_%D8%A7%D9%84%D9%81_%D9%88%D8%A7%D9%84%D8%A8%D8%A7%D9%82%D9%8A_%D8%A7%D9%82%D8%B5%D8%A7%D8%AF/"},{"postId":"175523663","url":"https://haraj.com.sa/11175523663/%D8%A7%D9%83%D8%B3%D9%86%D8%AA_2019_%D8%AC%D8%AF%D8%A7_%D9%86%D8%B8%D9%8A%D9%81%D8%A9/"},{"postId":"175523660","url":"https://haraj.com.sa/11175523660/%D8%B4%D8%A8%D9%83_%D8%A7%D9%85%D8%A7%D9%85%D9%8A_%D8%A7%D8%B5%D9%84%D9%8A_%D9%88%D9%83%D8%A7%D9%84%D8%A9_%D9%84%D9%84%D8%A7%D9%83%D9%88%D8%B1%D8%AF_2017/"}]}
[2026-02-15 20:22:43] [LIST] [INFO] Clicking load more {"before":20}
[2026-02-15 20:22:45] [LIST] [INFO] Load more result {"before":20,"after":39}
[2026-02-15 20:22:46] [LIST] [INFO] Reading visible ads {"total":39,"limit":20}
[2026-02-15 20:22:49] [LIST] [INFO] Visible ads parsed {"total":39,"kept":20,"sample":[{"postId":"175523665","url":"https://haraj.com.sa/11175523665/%D9%85%D8%B7%D9%84%D9%88%D8%A8_%D8%B3%D9%8A%D8%A7%D8%B1%D9%87_%D9%88%D8%B3%D8%B9%D8%B1%D9%87%D8%A7_%D9%86%D8%B5%D9%87_%D9%83%D8%A7%D8%B4_15_%D8%A7%D9%84%D9%81_%D9%88%D8%A7%D9%84%D8%A8%D8%A7%D9%82%D9%8A_%D8%A7%D9%82%D8%B5%D8%A7%D8%AF/"},{"postId":"175523663","url":"https://haraj.com.sa/11175523663/%D8%A7%D9%83%D8%B3%D9%86%D8%AA_2019_%D8%AC%D8%AF%D8%A7_%D9%86%D8%B8%D9%8A%D9%81%D8%A9/"},{"postId":"175523660","url":"https://haraj.com.sa/11175523660/%D8%B4%D8%A8%D9%83_%D8%A7%D9%85%D8%A7%D9%85%D9%8A_%D8%A7%D8%B5%D9%84%D9%8A_%D9%88%D9%83%D8%A7%D9%84%D8%A9_%D9%84%D9%84%D8%A7%D9%83%D9%88%D8%B1%D8%AF_2017/"}]}
[2026-02-16 09:11:32] [LIST] [INFO] Waiting for listing container...
[2026-02-16 09:11:33] [LIST] [INFO] Waiting for at least 1 post item...
[2026-02-16 09:11:35] [LIST] [INFO] Listing ready
[2026-02-16 09:11:35] [LIST] [INFO] Reading visible ads {"total":20,"limit":20}
[2026-02-16 09:11:35] [LIST] [INFO] Visible ads parsed {"total":20,"kept":20,"sample":[{"postId":"175548995","url":"https://haraj.com.sa/11175548995/%D8%A7%D9%85_%D8%AC%D9%8A_zs_%D8%A7%D8%B3%D8%AA%D8%A7%D9%86%D8%AF%D8%B1_%D8%A7%D9%84%D8%B4%D9%83%D9%84_%D8%A7%D9%84%D8%AC%D8%AF%D9%8A%D8%AF_2025_%D8%A8_46500_%D8%BA%D9%8A%D8%B1_%D8%B4%D8%A7%D9%85%D9%84_%D8%A7%D9%84%D8%B6%D8%B1%D9%8A%D8%A8%D8%A9/"},{"postId":"175548994","url":"https://haraj.com.sa/11175548994/%D9%83%D9%8A%D8%A7_%D8%B3%D9%8A%D9%84%D8%AA%D9%88%D8%B3_%D9%85%D9%88%D8%AF%D9%8A%D9%84_2024/"},{"postId":"175548990","url":"https://haraj.com.sa/11175548990/%D8%AC%D9%8A_%D8%A7%D9%8A_%D8%B3%D9%8A_%D8%A7%D9%8A%D9%85%D8%B2%D9%88%D9%85_%D8%B3%D8%A8%D9%88%D8%B1%D8%AA_%D8%A8%D9%84%D8%B3_2026/"}]}
[2026-02-16 09:11:35] [LIST] [INFO] Clicking load more {"before":20}
[2026-02-16 09:11:48] [LIST] [INFO] Load more result {"before":20,"after":36}
[2026-02-16 09:11:48] [LIST] [INFO] Reading visible ads {"total":36,"limit":20}
[2026-02-16 09:11:49] [LIST] [INFO] Visible ads parsed {"total":36,"kept":20,"sample":[{"postId":"175548995","url":"https://haraj.com.sa/11175548995/%D8%A7%D9%85_%D8%AC%D9%8A_zs_%D8%A7%D8%B3%D8%AA%D8%A7%D9%86%D8%AF%D8%B1_%D8%A7%D9%84%D8%B4%D9%83%D9%84_%D8%A7%D9%84%D8%AC%D8%AF%D9%8A%D8%AF_2025_%D8%A8_46500_%D8%BA%D9%8A%D8%B1_%D8%B4%D8%A7%D9%85%D9%84_%D8%A7%D9%84%D8%B6%D8%B1%D9%8A%D8%A8%D8%A9/"},{"postId":"175548994","url":"https://haraj.com.sa/11175548994/%D9%83%D9%8A%D8%A7_%D8%B3%D9%8A%D9%84%D8%AA%D9%88%D8%B3_%D9%85%D9%88%D8%AF%D9%8A%D9%84_2024/"},{"postId":"175548990","url":"https://haraj.com.sa/11175548990/%D8%AC%D9%8A_%D8%A7%D9%8A_%D8%B3%D9%8A_%D8%A7%D9%8A%D9%85%D8%B2%D9%88%D9%85_%D8%B3%D8%A8%D9%88%D8%B1%D8%AA_%D8%A8%D9%84%D8%B3_2026/"}]}
[2026-02-16 09:11:49] [LIST] [INFO] Load more not found
[2026-02-16 09:12:24] [LIST] [INFO] Waiting for listing container...
[2026-02-16 09:12:25] [LIST] [INFO] Waiting for at least 1 post item...
[2026-02-16 09:12:26] [LIST] [INFO] Listing ready
[2026-02-16 09:12:26] [LIST] [INFO] Reading visible ads {"total":21,"limit":20}
[2026-02-16 09:12:26] [LIST] [INFO] Visible ads parsed {"total":21,"kept":20,"sample":[{"postId":"175549027","url":"https://haraj.com.sa/11175549027/%D9%83%D9%8A%D8%A7_%D8%A8%D9%8A%D8%AC%D8%A7%D8%B3/"},{"postId":"175549026","url":"https://haraj.com.sa/11175549026/%D8%AC%D9%8A%D8%AA%D9%88%D8%B1_%D9%81%D9%84_%D9%84%D8%A7%D9%83%D8%AC%D8%B1%D9%8AT1_%D9%85%D9%88%D8%AF%D9%8A%D9%84_2026/"},{"postId":"175549025","url":"https://haraj.com.sa/11175549025/%D9%82%D8%B7%D8%B9_%D8%A7%D9%86%D8%AA%D8%B1%D8%A7_2018_%D9%88%D9%83%D8%A7%D9%84%D9%87_%D9%88%D8%A7%D9%83%D8%B3%D8%B3%D9%88%D8%A7%D8%B1%D8%A7%D8%AA_%D8%AF%D8%A7%D8%AE%D9%84%D9%8A%D9%87_%D8%AC%D9%84%D8%AF_%D8%A8%D8%B3%D8%A8%D8%A7%D9%86_%D8%B5%D8%AF%D8%A7%D9%85_%D8%AD%D8%AF%D9%8A%D8%AF/"}]}
[2026-02-16 09:12:27] [LIST] [INFO] Clicking load more {"before":21}
[2026-02-16 09:12:30] [LIST] [INFO] Load more result {"before":21,"after":41}
[2026-02-16 09:12:30] [LIST] [INFO] Reading visible ads {"total":41,"limit":20}
[2026-02-16 09:12:31] [LIST] [INFO] Visible ads parsed {"total":41,"kept":20,"sample":[{"postId":"175549027","url":"https://haraj.com.sa/11175549027/%D9%83%D9%8A%D8%A7_%D8%A8%D9%8A%D8%AC%D8%A7%D8%B3/"},{"postId":"175549026","url":"https://haraj.com.sa/11175549026/%D8%AC%D9%8A%D8%AA%D9%88%D8%B1_%D9%81%D9%84_%D9%84%D8%A7%D9%83%D8%AC%D8%B1%D9%8AT1_%D9%85%D9%88%D8%AF%D9%8A%D9%84_2026/"},{"postId":"175549025","url":"https://haraj.com.sa/11175549025/%D9%82%D8%B7%D8%B9_%D8%A7%D9%86%D8%AA%D8%B1%D8%A7_2018_%D9%88%D9%83%D8%A7%D9%84%D9%87_%D9%88%D8%A7%D9%83%D8%B3%D8%B3%D9%88%D8%A7%D8%B1%D8%A7%D8%AA_%D8%AF%D8%A7%D8%AE%D9%84%D9%8A%D9%87_%D8%AC%D9%84%D8%AF_%D8%A8%D8%B3%D8%A8%D8%A7%D9%86_%D8%B5%D8%AF%D8%A7%D9%85_%D8%AD%D8%AF%D9%8A%D8%AF/"}]}
[2026-02-16 09:34:22] [LIST] [INFO] Waiting for listing container...
[2026-02-16 09:34:22] [LIST] [INFO] Waiting for at least 1 post item...
[2026-02-16 09:34:24] [LIST] [INFO] Listing ready
[2026-02-16 09:34:24] [LIST] [INFO] Reading visible ads {"total":20,"limit":20}
[2026-02-16 09:34:25] [LIST] [INFO] Visible ads parsed {"total":20,"kept":20,"sample":[{"postId":"175550081","url":"https://haraj.com.sa/11175550081/%D9%81%D9%8A_%D8%A7%D9%83%D8%B3_%D8%A7%D8%B1_2026_%D8%A8%D8%B1%D9%8A%D9%85%D9%8A_%D9%81%D9%84_%D9%83%D8%A7%D9%85%D9%84_%D8%AA%D9%88%D9%8A%D9%86_%D8%AA%D9%8A%D8%B1%D8%A8%D9%88_%D8%A7%D9%84%D9%84%D9%88%D9%86_%D8%A7%D8%B3%D9%88%D8%AF/"},{"postId":"175550079","url":"https://haraj.com.sa/11175550079/%D9%8A%D9%88%D9%83%D9%86_%D8%AF%D9%8A%D9%86%D8%A7%D9%84%D9%8A_2010_%D9%86%D8%B8%D9%8A%D9%81/"},{"postId":"175550078","url":"https://haraj.com.sa/11175550078/%D8%B4%D8%A7%D9%86%D8%AC%D8%A7%D9%86_CS35_%D9%84%D9%8A%D9%85%D8%AA%D9%8A%D8%AF_%D8%A8%D9%84%D8%B3_%D9%85%D9%88%D8%AF%D9%8A%D9%84_2026/"}]}
[2026-02-16 09:34:25] [LIST] [INFO] Clicking load more {"before":20}
[2026-02-16 09:34:29] [LIST] [INFO] Load more result {"before":20,"after":58}
[2026-02-16 09:34:30] [LIST] [INFO] Reading visible ads {"total":58,"limit":20}
[2026-02-16 09:34:32] [LIST] [INFO] Visible ads parsed {"total":58,"kept":20,"sample":[{"postId":"175550081","url":"https://haraj.com.sa/11175550081/%D9%81%D9%8A_%D8%A7%D9%83%D8%B3_%D8%A7%D8%B1_2026_%D8%A8%D8%B1%D9%8A%D9%85%D9%8A_%D9%81%D9%84_%D9%83%D8%A7%D9%85%D9%84_%D8%AA%D9%88%D9%8A%D9%86_%D8%AA%D9%8A%D8%B1%D8%A8%D9%88_%D8%A7%D9%84%D9%84%D9%88%D9%86_%D8%A7%D8%B3%D9%88%D8%AF/"},{"postId":"175550079","url":"https://haraj.com.sa/11175550079/%D9%8A%D9%88%D9%83%D9%86_%D8%AF%D9%8A%D9%86%D8%A7%D9%84%D9%8A_2010_%D9%86%D8%B8%D9%8A%D9%81/"},{"postId":"175550078","url":"https://haraj.com.sa/11175550078/%D8%B4%D8%A7%D9%86%D8%AC%D8%A7%D9%86_CS35_%D9%84%D9%8A%D9%85%D8%AA%D9%8A%D8%AF_%D8%A8%D9%84%D8%B3_%D9%85%D9%88%D8%AF%D9%8A%D9%84_2026/"}]}
[2026-02-16 09:34:50] [LIST] [INFO] Load more not found
[2026-02-16 09:35:16] [LIST] [INFO] Waiting for listing container...
[2026-02-16 09:35:18] [LIST] [INFO] Waiting for at least 1 post item...
[2026-02-16 09:35:20] [LIST] [INFO] Listing ready
[2026-02-16 09:35:20] [LIST] [INFO] Reading visible ads {"total":19,"limit":19}
[2026-02-16 09:35:21] [LIST] [INFO] Visible ads parsed {"total":19,"kept":19,"sample":[{"postId":"175550124","url":"https://haraj.com.sa/11175550124/%D8%AA%D9%88%D9%8A%D9%88%D8%AA%D8%A7_%D9%87%D8%A7%D9%8A%D9%84%D8%A7%D9%86%D8%AF%D8%B1_GLE_%D9%87%D8%A7%D9%8A%D8%A8%D8%B1%D8%AF_2025_%D8%A7%D8%B5%D9%81%D8%A7%D8%B1_%D8%B3%D8%B9%D9%88%D8%AF/"},{"postId":"175550117","url":"https://haraj.com.sa/11175550117/%D9%81%D9%88%D8%B1%D8%AF_%D8%AA%D9%88%D8%B1%D8%B3_%D8%AC%D9%85%D9%8A%D8%B9_%D8%A7%D9%84%D8%A3%D9%84%D9%88%D8%A7%D9%86_%D8%A7%D9%84%D8%B4%D9%83%D9%84_%D8%A7%D9%84%D8%AC%D8%AF%D9%8A%D8%AF_2026/"},{"postId":"175550116","url":"https://haraj.com.sa/11175550116/%D8%AA%D9%88%D9%8A%D9%88%D8%AA%D8%A7_%D9%84%D8%A7%D9%86%D8%AF%D9%83%D8%B1%D9%88%D8%B2%D8%B1_4_L%D8%A8%D9%86%D8%B2%D9%8A%D9%86_2026_%D8%B3%D8%B9%D9%88%D8%AF%D9%89_%D9%83%D8%A7%D8%B4_%D9%88%D8%AA%D9%82%D9%8A%D8%B3%D8%B7/"}]}
[2026-02-16 09:35:22] [LIST] [INFO] Clicking load more {"before":19}
[2026-02-16 09:35:32] [LIST] [INFO] Load more result {"before":19,"after":36}
[2026-02-16 09:35:32] [LIST] [INFO] Reading visible ads {"total":36,"limit":20}
[2026-02-16 09:35:34] [LIST] [INFO] Visible ads parsed {"total":36,"kept":20,"sample":[{"postId":"175550124","url":"https://haraj.com.sa/11175550124/%D8%AA%D9%88%D9%8A%D9%88%D8%AA%D8%A7_%D9%87%D8%A7%D9%8A%D9%84%D8%A7%D9%86%D8%AF%D8%B1_GLE_%D9%87%D8%A7%D9%8A%D8%A8%D8%B1%D8%AF_2025_%D8%A7%D8%B5%D9%81%D8%A7%D8%B1_%D8%B3%D8%B9%D9%88%D8%AF/"},{"postId":"175550117","url":"https://haraj.com.sa/11175550117/%D9%81%D9%88%D8%B1%D8%AF_%D8%AA%D9%88%D8%B1%D8%B3_%D8%AC%D9%85%D9%8A%D8%B9_%D8%A7%D9%84%D8%A3%D9%84%D9%88%D8%A7%D9%86_%D8%A7%D9%84%D8%B4%D9%83%D9%84_%D8%A7%D9%84%D8%AC%D8%AF%D9%8A%D8%AF_2026/"},{"postId":"175550116","url":"https://haraj.com.sa/11175550116/%D8%AA%D9%88%D9%8A%D9%88%D8%AA%D8%A7_%D9%84%D8%A7%D9%86%D8%AF%D9%83%D8%B1%D9%88%D8%B2%D8%B1_4_L%D8%A8%D9%86%D8%B2%D9%8A%D9%86_2026_%D8%B3%D8%B9%D9%88%D8%AF%D9%89_%D9%83%D8%A7%D8%B4_%D9%88%D8%AA%D9%82%D9%8A%D8%B3%D8%B7/"}]}
[2026-02-16 10:09:55] [LIST] [INFO] Waiting for listing container...
[2026-02-16 10:09:56] [LIST] [INFO] Waiting for at least 1 post item...
[2026-02-16 10:09:58] [LIST] [INFO] Listing ready
[2026-02-16 10:09:58] [LIST] [INFO] Reading visible ads {"total":18,"limit":18}
[2026-02-16 10:09:58] [LIST] [INFO] Visible ads parsed {"total":18,"kept":18,"sample":[{"postId":"175551798","url":"https://haraj.com.sa/11175551798/%D9%83%D9%8A%D8%A7_%D8%B3%D9%88%D9%86%D9%8A%D8%AA_%D8%A7%D9%84%D9%86%D8%B5_%D8%A7%D9%84%D9%81%D9%84_%D9%852026_%D8%B3%D8%B9%D9%88%D8%AF%D9%8A_%D8%B9%D8%B1%D9%88%D8%B6_%D8%AD%D8%B5%D8%B1%D9%8A%D9%87_%D9%84%D8%B9%D9%85%D9%84%D8%A7%D8%A6%D9%86%D8%A7/"},{"postId":"175551797","url":"https://haraj.com.sa/11175551797/%D9%85%D9%83%D8%B3%D9%8A%D9%85%D8%A7_2000/"},{"postId":"175551795","url":"https://haraj.com.sa/11175551795/%D8%A8%D9%89_%D8%A7%D9%85_%D8%AF%D8%A8%D9%84%D9%8A%D9%88_X2_%D9%81%D9%84_%D9%83%D8%A7%D9%85%D9%84_%D9%86%D8%A7%D8%BA%D9%8A/"}]}
[2026-02-16 10:09:58] [LIST] [INFO] Clicking load more {"before":18}
[2026-02-16 10:09:59] [LIST] [INFO] Load more result {"before":18,"after":35}
[2026-02-16 10:09:59] [LIST] [INFO] Reading visible ads {"total":35,"limit":20}
[2026-02-16 10:09:59] [LIST] [INFO] Visible ads parsed {"total":35,"kept":20,"sample":[{"postId":"175551798","url":"https://haraj.com.sa/11175551798/%D9%83%D9%8A%D8%A7_%D8%B3%D9%88%D9%86%D9%8A%D8%AA_%D8%A7%D9%84%D9%86%D8%B5_%D8%A7%D9%84%D9%81%D9%84_%D9%852026_%D8%B3%D8%B9%D9%88%D8%AF%D9%8A_%D8%B9%D8%B1%D9%88%D8%B6_%D8%AD%D8%B5%D8%B1%D9%8A%D9%87_%D9%84%D8%B9%D9%85%D9%84%D8%A7%D8%A6%D9%86%D8%A7/"},{"postId":"175551797","url":"https://haraj.com.sa/11175551797/%D9%85%D9%83%D8%B3%D9%8A%D9%85%D8%A7_2000/"},{"postId":"175551795","url":"https://haraj.com.sa/11175551795/%D8%A8%D9%89_%D8%A7%D9%85_%D8%AF%D8%A8%D9%84%D9%8A%D9%88_X2_%D9%81%D9%84_%D9%83%D8%A7%D9%85%D9%84_%D9%86%D8%A7%D8%BA%D9%8A/"}]}
[2026-02-16 10:11:06] [LIST] [INFO] Load more not found
[2026-02-16 10:12:01] [LIST] [INFO] Waiting for listing container...
[2026-02-16 10:12:03] [LIST] [INFO] Waiting for at least 1 post item...
[2026-02-16 10:12:04] [LIST] [INFO] Listing ready
[2026-02-16 10:12:05] [LIST] [INFO] Reading visible ads {"total":19,"limit":19}
[2026-02-16 10:12:05] [LIST] [INFO] Visible ads parsed {"total":19,"kept":19,"sample":[{"postId":"175551890","url":"https://haraj.com.sa/11175551890/%D8%AC%D9%8A%D8%AA%D9%88%D8%B1_T2_%D9%84%D9%83%D8%AC%D8%B1%D9%8A_2026_%D8%AC%D9%85%D9%8A%D8%B9_%D8%A7%D9%84%D8%A7%D9%84%D9%88%D8%A7%D9%86_%D8%B9%D8%B1%D8%B6_%D8%AE%D8%A7%D8%B5/"},{"postId":"175551889","url":"https://haraj.com.sa/11175551889/%D9%81%D9%88%D8%B1%D8%AF_%D9%85%D9%88%D9%86%D8%AF%D9%8A%D9%88_%D9%85%D9%88%D8%AF%D9%8A%D9%84_2015/"},{"postId":"175551885","url":"https://haraj.com.sa/11175551885/%D8%A7%D9%8A%D8%B3%D9%88%D8%B2%D9%88_LS_%D9%85%D9%88%D8%AF%D9%8A%D9%84_2023_%D9%81%D9%84_%D9%83%D8%A7%D9%85%D9%84/"}]}
[2026-02-16 10:12:07] [LIST] [INFO] Clicking load more {"before":19}
[2026-02-16 10:12:10] [LIST] [INFO] Load more result {"before":19,"after":37}
[2026-02-16 10:12:10] [LIST] [INFO] Reading visible ads {"total":37,"limit":20}
[2026-02-16 10:12:20] [LIST] [INFO] Visible ads parsed {"total":37,"kept":20,"sample":[{"postId":"175551890","url":"https://haraj.com.sa/11175551890/%D8%AC%D9%8A%D8%AA%D9%88%D8%B1_T2_%D9%84%D9%83%D8%AC%D8%B1%D9%8A_2026_%D8%AC%D9%85%D9%8A%D8%B9_%D8%A7%D9%84%D8%A7%D9%84%D9%88%D8%A7%D9%86_%D8%B9%D8%B1%D8%B6_%D8%AE%D8%A7%D8%B5/"},{"postId":"175551889","url":"https://haraj.com.sa/11175551889/%D9%81%D9%88%D8%B1%D8%AF_%D9%85%D9%88%D9%86%D8%AF%D9%8A%D9%88_%D9%85%D9%88%D8%AF%D9%8A%D9%84_2015/"},{"postId":"175551885","url":"https://haraj.com.sa/11175551885/%D8%A7%D9%8A%D8%B3%D9%88%D8%B2%D9%88_LS_%D9%85%D9%88%D8%AF%D9%8A%D9%84_2023_%D9%81%D9%84_%D9%83%D8%A7%D9%85%D9%84/"}]}
[2026-02-16 13:09:41] [LIST] [INFO] Waiting for listing container...
[2026-02-16 13:09:41] [LIST] [INFO] Waiting for at least 1 post item...
[2026-02-16 13:09:43] [LIST] [INFO] Listing ready
[2026-02-16 13:09:43] [LIST] [INFO] Reading visible ads {"total":20,"limit":20}
[2026-02-16 13:09:43] [LIST] [INFO] Visible ads parsed {"total":20,"kept":20,"sample":[{"postId":"175560469","url":"https://haraj.com.sa/11175560469/%D8%B7%D8%B1%D9%85%D8%A8%D8%A7%D8%AA_%D9%86%D8%B8%D9%8A%D9%81%D9%87/"},{"postId":"175560467","url":"https://haraj.com.sa/11175560467/%D9%81%D8%A7%D9%86_%D8%AB%D9%84%D8%A7%D8%AC%D9%87_2015/"},{"postId":"175560466","url":"https://haraj.com.sa/11175560466/%D9%88%D8%B1%D8%B4%D8%A9_%D8%A7%D9%84%D8%AC%D9%88%D8%B9%D9%8A_%D9%84%D8%B3%D9%85%D9%83%D8%B1%D8%A9_%D9%88%D8%AF%D9%87%D8%A7%D9%86/"}]}
[2026-02-16 13:09:44] [LIST] [INFO] Clicking load more {"before":20}
[2026-02-16 13:09:44] [LIST] [INFO] Load more result {"before":20,"after":40}
[2026-02-16 13:09:44] [LIST] [INFO] Reading visible ads {"total":40,"limit":20}
[2026-02-16 13:09:45] [LIST] [INFO] Visible ads parsed {"total":40,"kept":20,"sample":[{"postId":"175560469","url":"https://haraj.com.sa/11175560469/%D8%B7%D8%B1%D9%85%D8%A8%D8%A7%D8%AA_%D9%86%D8%B8%D9%8A%D9%81%D9%87/"},{"postId":"175560467","url":"https://haraj.com.sa/11175560467/%D9%81%D8%A7%D9%86_%D8%AB%D9%84%D8%A7%D8%AC%D9%87_2015/"},{"postId":"175560466","url":"https://haraj.com.sa/11175560466/%D9%88%D8%B1%D8%B4%D8%A9_%D8%A7%D9%84%D8%AC%D9%88%D8%B9%D9%8A_%D9%84%D8%B3%D9%85%D9%83%D8%B1%D8%A9_%D9%88%D8%AF%D9%87%D8%A7%D9%86/"}]}
[2026-02-16 13:10:20] [LIST] [INFO] Load more not found
[2026-02-16 13:11:48] [LIST] [INFO] Waiting for listing container...
[2026-02-16 13:11:49] [LIST] [INFO] Waiting for at least 1 post item...
[2026-02-16 13:11:51] [LIST] [INFO] Listing ready
[2026-02-16 13:11:51] [LIST] [INFO] Reading visible ads {"total":21,"limit":20}
[2026-02-16 13:11:52] [LIST] [INFO] Visible ads parsed {"total":21,"kept":20,"sample":[{"postId":"175560582","url":"https://haraj.com.sa/11175560582/%D9%86%D9%8A%D8%B3%D8%A7%D9%86_%D8%A7%D9%83%D8%B3_%D8%AA%D8%B1%D9%8A%D9%84_5_%D8%B1%D8%A7%D9%83%D8%A8_%D8%A8%D8%AF%D9%88%D9%86_%D8%AF%D8%A8%D9%84_2025/"},{"postId":"175560578","url":"https://haraj.com.sa/11175560578/%D9%83%D8%A7%D8%A8%D8%B1%D8%B3_2009/"},{"postId":"175560577","url":"https://haraj.com.sa/11175560577/%D9%84%D9%88%D8%AD%D8%A9_%D8%A8_%D9%82_%D9%85_9044/"}]}
[2026-02-16 13:11:53] [LIST] [INFO] Clicking load more {"before":21}
[2026-02-16 13:12:02] [LIST] [INFO] Load more result {"before":21,"after":40}
[2026-02-16 13:12:02] [LIST] [INFO] Reading visible ads {"total":40,"limit":20}
[2026-02-16 13:12:07] [LIST] [INFO] Visible ads parsed {"total":40,"kept":20,"sample":[{"postId":"175560582","url":"https://haraj.com.sa/11175560582/%D9%86%D9%8A%D8%B3%D8%A7%D9%86_%D8%A7%D9%83%D8%B3_%D8%AA%D8%B1%D9%8A%D9%84_5_%D8%B1%D8%A7%D9%83%D8%A8_%D8%A8%D8%AF%D9%88%D9%86_%D8%AF%D8%A8%D9%84_2025/"},{"postId":"175560578","url":"https://haraj.com.sa/11175560578/%D9%83%D8%A7%D8%A8%D8%B1%D8%B3_2009/"},{"postId":"175560577","url":"https://haraj.com.sa/11175560577/%D9%84%D9%88%D8%AD%D8%A9_%D8%A8_%D9%82_%D9%85_9044/"}]}
[2026-02-16 13:23:20] [LIST] [INFO] Waiting for listing container...
[2026-02-16 13:23:21] [LIST] [INFO] Waiting for at least 1 post item...
[2026-02-16 13:23:22] [LIST] [INFO] Listing ready
[2026-02-16 13:23:22] [LIST] [INFO] Reading visible ads {"total":19,"limit":19}
[2026-02-16 13:23:22] [LIST] [INFO] Visible ads parsed {"total":19,"kept":19,"sample":[{"postId":"175561235","url":"https://haraj.com.sa/11175561235/%D9%84%D9%84%D8%A8%D9%8A%D8%B9_MG360_2019_%D8%B3%D8%AA%D8%A7%D9%86%D8%AF%D8%B1/"},{"postId":"175561234","url":"https://haraj.com.sa/11175561234/%D8%AF%D8%AF%D8%B3%D9%86_2009_%D9%86%D8%B8%D9%8A%D9%81%D9%87%D9%85/"},{"postId":"175561233","url":"https://haraj.com.sa/11175561233/%D8%A7%D8%B3%D8%B7%D8%A8_%D8%A7%D9%83%D8%B3%D9%86%D8%AA_2021_%D9%8A%D8%B3%D8%A7%D8%B1/"}]}
[2026-02-16 13:23:23] [LIST] [INFO] Clicking load more {"before":19}
[2026-02-16 13:23:25] [LIST] [INFO] Load more result {"before":19,"after":59}
[2026-02-16 13:23:25] [LIST] [INFO] Reading visible ads {"total":59,"limit":20}
[2026-02-16 13:23:27] [LIST] [INFO] Visible ads parsed {"total":59,"kept":20,"sample":[{"postId":"175561235","url":"https://haraj.com.sa/11175561235/%D9%84%D9%84%D8%A8%D9%8A%D8%B9_MG360_2019_%D8%B3%D8%AA%D8%A7%D9%86%D8%AF%D8%B1/"},{"postId":"175561234","url":"https://haraj.com.sa/11175561234/%D8%AF%D8%AF%D8%B3%D9%86_2009_%D9%86%D8%B8%D9%8A%D9%81%D9%87%D9%85/"},{"postId":"175561233","url":"https://haraj.com.sa/11175561233/%D8%A7%D8%B3%D8%B7%D8%A8_%D8%A7%D9%83%D8%B3%D9%86%D8%AA_2021_%D9%8A%D8%B3%D8%A7%D8%B1/"}]}
[2026-02-16 13:31:48] [LIST] [INFO] Waiting for listing container...
[2026-02-16 13:31:49] [LIST] [INFO] Waiting for at least 1 post item...
[2026-02-16 13:31:51] [LIST] [INFO] Listing ready
[2026-02-16 13:31:51] [LIST] [INFO] Reading visible ads {"total":21,"limit":20}
[2026-02-16 13:31:52] [LIST] [INFO] Visible ads parsed {"total":21,"kept":20,"sample":[{"postId":"175561709","url":"https://haraj.com.sa/11175561709/%D8%B5%D9%86%D8%AF%D9%88%D9%82_%D8%AD%D9%88%D8%B6_%D8%A7%D9%8A%D8%B3%D9%88%D8%B2%D9%88_%D9%84%D9%84%D8%A8%D9%8A%D8%B9/"},{"postId":"175561708","url":"https://haraj.com.sa/11175561708/%D9%83%D8%A7%D9%85%D8%B1%D9%8A_%D9%82%D8%B1%D8%A7%D9%86%D8%AF%D9%8A_2025_%D8%B4%D8%B1%D8%B7_%D9%85%D9%86_%D8%A7%D9%84%D8%B5%D8%AF%D8%A7%D9%85_%D9%84%D8%B5%D8%AF%D8%A7%D9%85/"},{"postId":"175561699","url":"https://haraj.com.sa/11175561699/%D9%83%D8%A7%D9%85%D8%B1%D9%8A_2025/"}]}
[2026-02-16 13:31:53] [LIST] [INFO] Clicking load more {"before":21}
[2026-02-16 13:31:59] [LIST] [INFO] Load more result {"before":21,"after":38}
[2026-02-16 13:31:59] [LIST] [INFO] Reading visible ads {"total":38,"limit":20}
[2026-02-16 13:32:01] [LIST] [INFO] Visible ads parsed {"total":38,"kept":20,"sample":[{"postId":"175561709","url":"https://haraj.com.sa/11175561709/%D8%B5%D9%86%D8%AF%D9%88%D9%82_%D8%AD%D9%88%D8%B6_%D8%A7%D9%8A%D8%B3%D9%88%D8%B2%D9%88_%D9%84%D9%84%D8%A8%D9%8A%D8%B9/"},{"postId":"175561708","url":"https://haraj.com.sa/11175561708/%D9%83%D8%A7%D9%85%D8%B1%D9%8A_%D9%82%D8%B1%D8%A7%D9%86%D8%AF%D9%8A_2025_%D8%B4%D8%B1%D8%B7_%D9%85%D9%86_%D8%A7%D9%84%D8%B5%D8%AF%D8%A7%D9%85_%D9%84%D8%B5%D8%AF%D8%A7%D9%85/"},{"postId":"175561699","url":"https://haraj.com.sa/11175561699/%D9%83%D8%A7%D9%85%D8%B1%D9%8A_2025/"}]}
[2026-02-16 13:39:43] [LIST] [INFO] Waiting for listing container...
[2026-02-16 13:39:43] [LIST] [INFO] Waiting for at least 1 post item...
[2026-02-16 13:39:45] [LIST] [INFO] Listing ready
[2026-02-16 13:39:45] [LIST] [INFO] Reading visible ads {"total":21,"limit":20}
[2026-02-16 13:39:45] [LIST] [INFO] Visible ads parsed {"total":21,"kept":20,"sample":[{"postId":"175562137","url":"https://haraj.com.sa/11175562137/%D9%83%D9%88%D8%B1%D9%88%D9%84%D8%A7_2024_XLi_%D9%85%D8%B7%D9%88%D8%B1_%D8%B3%D8%B9%D9%88%D8%AF%D9%8A%D9%87_%D9%85%D9%83%D9%8A%D9%86%D9%87_2000_%D8%B4%D8%A8%D9%87_%D8%A7%D9%84%D8%AC%D8%AF%D9%8A%D8%AF/"},{"postId":"175562134","url":"https://haraj.com.sa/11175562134/%D9%82%D8%B3%D9%8A%D9%85%D8%A9_%D8%B3%D8%A7%D8%B3%D9%83%D9%88_100_%D8%A8_90/"},{"postId":"175562127","url":"https://haraj.com.sa/11175562127/%D9%85%D8%B7%D9%84%D9%88%D8%A8_%D8%A8%D8%A7%D8%B5_%D8%A8%D8%B6%D8%A7%D8%A6%D8%B9_%D8%AA%D8%A7%D9%8A%D9%88%D8%AA%D8%A7_%D8%A3%D9%88_%D9%86%D9%8A%D8%B3%D8%A7%D9%86/"}]}
[2026-02-16 13:39:46] [LIST] [INFO] Clicking load more {"before":21}
[2026-02-16 13:39:47] [LIST] [INFO] Load more result {"before":21,"after":41}
[2026-02-16 13:39:47] [LIST] [INFO] Reading visible ads {"total":41,"limit":20}
[2026-02-16 13:39:51] [LIST] [INFO] Visible ads parsed {"total":41,"kept":20,"sample":[{"postId":"175562137","url":"https://haraj.com.sa/11175562137/%D9%83%D9%88%D8%B1%D9%88%D9%84%D8%A7_2024_XLi_%D9%85%D8%B7%D9%88%D8%B1_%D8%B3%D8%B9%D9%88%D8%AF%D9%8A%D9%87_%D9%85%D9%83%D9%8A%D9%86%D9%87_2000_%D8%B4%D8%A8%D9%87_%D8%A7%D9%84%D8%AC%D8%AF%D9%8A%D8%AF/"},{"postId":"175562134","url":"https://haraj.com.sa/11175562134/%D9%82%D8%B3%D9%8A%D9%85%D8%A9_%D8%B3%D8%A7%D8%B3%D9%83%D9%88_100_%D8%A8_90/"},{"postId":"175562127","url":"https://haraj.com.sa/11175562127/%D9%85%D8%B7%D9%84%D9%88%D8%A8_%D8%A8%D8%A7%D8%B5_%D8%A8%D8%B6%D8%A7%D8%A6%D8%B9_%D8%AA%D8%A7%D9%8A%D9%88%D8%AA%D8%A7_%D8%A3%D9%88_%D9%86%D9%8A%D8%B3%D8%A7%D9%86/"}]}
[2026-02-16 13:51:10] [LIST] [INFO] Waiting for listing container...
[2026-02-16 13:51:11] [LIST] [INFO] Waiting for at least 1 post item...
[2026-02-16 13:51:12] [LIST] [INFO] Listing ready
[2026-02-16 13:51:12] [LIST] [INFO] Reading visible ads {"total":20,"limit":20}
[2026-02-16 13:51:13] [LIST] [INFO] Visible ads parsed {"total":20,"kept":20,"sample":[{"postId":"175562754","url":"https://haraj.com.sa/11175562754/%D9%84%D9%84%D8%A8%D9%8A%D8%B9_%D8%B3%D9%88%D9%86%D8%A7%D8%AA%D8%A7_2024_%D9%86%D8%B6%D9%8A%D9%81/"},{"postId":"175562753","url":"https://haraj.com.sa/11175562753/%D8%A8%D9%88%D9%83%D9%84%D9%8A%D9%86_%D9%84%D9%84%D8%A7%D9%8A%D8%AC%D8%A7%D8%B1_2025_%D9%82%D8%B5_%D8%A7%D8%B1%D8%B6_%D8%A8%D9%86%D9%8A%D8%A7%D9%86_%D8%AD%D8%AC%D8%B1_%D9%87%D8%AF%D9%85_%D8%B1%D8%AF%D9%85_%D8%AA%D8%AE%D8%B1%D9%8A%D9%85/"},{"postId":"175562750","url":"https://haraj.com.sa/11175562750/%D9%83%D9%8A%D8%A7_K5_%D9%85%D9%88%D8%AF%D9%8A%D9%84_2021_%D9%81%D9%84_%D9%83%D8%A7%D9%85%D9%84/"}]}
[2026-02-16 13:51:14] [LIST] [INFO] Clicking load more {"before":20}
[2026-02-16 13:51:16] [LIST] [INFO] Load more result {"before":20,"after":38}
[2026-02-16 13:51:18] [LIST] [INFO] Reading visible ads {"total":38,"limit":20}
[2026-02-16 13:51:20] [LIST] [INFO] Visible ads parsed {"total":38,"kept":20,"sample":[{"postId":"175562754","url":"https://haraj.com.sa/11175562754/%D9%84%D9%84%D8%A8%D9%8A%D8%B9_%D8%B3%D9%88%D9%86%D8%A7%D8%AA%D8%A7_2024_%D9%86%D8%B6%D9%8A%D9%81/"},{"postId":"175562753","url":"https://haraj.com.sa/11175562753/%D8%A8%D9%88%D9%83%D9%84%D9%8A%D9%86_%D9%84%D9%84%D8%A7%D9%8A%D8%AC%D8%A7%D8%B1_2025_%D9%82%D8%B5_%D8%A7%D8%B1%D8%B6_%D8%A8%D9%86%D9%8A%D8%A7%D9%86_%D8%AD%D8%AC%D8%B1_%D9%87%D8%AF%D9%85_%D8%B1%D8%AF%D9%85_%D8%AA%D8%AE%D8%B1%D9%8A%D9%85/"},{"postId":"175562750","url":"https://haraj.com.sa/11175562750/%D9%83%D9%8A%D8%A7_K5_%D9%85%D9%88%D8%AF%D9%8A%D9%84_2021_%D9%81%D9%84_%D9%83%D8%A7%D9%85%D9%84/"}]}
[2026-02-16 13:59:12] [LIST] [INFO] Waiting for listing container...
[2026-02-16 13:59:13] [LIST] [INFO] Waiting for at least 1 post item...
[2026-02-16 13:59:15] [LIST] [INFO] Listing ready
[2026-02-16 13:59:15] [LIST] [INFO] Reading visible ads {"total":19,"limit":19}
[2026-02-16 13:59:15] [LIST] [INFO] Visible ads parsed {"total":19,"kept":19,"sample":[{"postId":"175563222","url":"https://haraj.com.sa/11175563222/%D9%83%D8%A7%D9%85%D8%B1%D9%8A_2014/"},{"postId":"175563221","url":"https://haraj.com.sa/11175563221/%D8%AA%D8%A7%D9%87%D9%88_LT_%D8%AF%D8%A8%D9%84_%D8%B3%D8%B9%D9%88%D8%AF%D9%8A_%D9%86%D8%B8%D9%8A%D9%81_%D8%AC%D8%AF%D8%A7/"},{"postId":"175563215","url":"https://haraj.com.sa/11175563215/%D9%85%D8%AA%D8%A7%D8%AD_%D9%84%D9%88%D8%A8%D8%AF_%D9%84%D9%86%D9%82%D9%84_%D8%B1%D8%A4%D9%88%D8%B3_%D8%A7%D9%84%D8%B4%D8%A7%D8%AD%D9%86%D8%A7%D8%AA_%D8%A3%D9%88_%D8%A7%D9%84%D9%85%D8%B9%D8%AF%D8%A7%D8%AA_%D8%A3%D9%88_%D8%A7%D9%84%D8%B3%D9%8A%D8%A7%D8%B1%D8%A7%D8%AA/"}]}
[2026-02-16 13:59:16] [LIST] [INFO] Clicking load more {"before":19}
[2026-02-16 13:59:18] [LIST] [INFO] Load more result {"before":19,"after":59}
[2026-02-16 13:59:19] [LIST] [INFO] Reading visible ads {"total":59,"limit":20}
[2026-02-16 13:59:24] [LIST] [INFO] Visible ads parsed {"total":59,"kept":20,"sample":[{"postId":"175563222","url":"https://haraj.com.sa/11175563222/%D9%83%D8%A7%D9%85%D8%B1%D9%8A_2014/"},{"postId":"175563221","url":"https://haraj.com.sa/11175563221/%D8%AA%D8%A7%D9%87%D9%88_LT_%D8%AF%D8%A8%D9%84_%D8%B3%D8%B9%D9%88%D8%AF%D9%8A_%D9%86%D8%B8%D9%8A%D9%81_%D8%AC%D8%AF%D8%A7/"},{"postId":"175563215","url":"https://haraj.com.sa/11175563215/%D9%85%D8%AA%D8%A7%D8%AD_%D9%84%D9%88%D8%A8%D8%AF_%D9%84%D9%86%D9%82%D9%84_%D8%B1%D8%A4%D9%88%D8%B3_%D8%A7%D9%84%D8%B4%D8%A7%D8%AD%D9%86%D8%A7%D8%AA_%D8%A3%D9%88_%D8%A7%D9%84%D9%85%D8%B9%D8%AF%D8%A7%D8%AA_%D8%A3%D9%88_%D8%A7%D9%84%D8%B3%D9%8A%D8%A7%D8%B1%D8%A7%D8%AA/"}]}
[2026-02-16 14:07:33] [LIST] [INFO] Waiting for listing container...
[2026-02-16 14:07:34] [LIST] [INFO] Waiting for at least 1 post item...
[2026-02-16 14:07:36] [LIST] [INFO] Listing ready
[2026-02-16 14:07:36] [LIST] [INFO] Reading visible ads {"total":18,"limit":18}
[2026-02-16 14:07:36] [LIST] [INFO] Visible ads parsed {"total":18,"kept":18,"sample":[{"postId":"175563703","url":"https://haraj.com.sa/11175563703/%D8%AA%D8%A7%D9%87%D9%88_LT_2014/"},{"postId":"175563701","url":"https://haraj.com.sa/11175563701/%D9%83%D8%AA%D8%A7%D8%A8%D8%A9_%D8%AE%D8%B7%D8%A7%D8%A8%D8%A7%D8%AA_%D9%85%D8%A4%D8%AB%D8%B1%D8%A9/"},{"postId":"175563695","url":"https://haraj.com.sa/11175563695/%D9%84%D8%A7%D9%86%D8%B3%D8%B1_%D8%A8%D9%88%D9%85%D8%A9_2007_%D8%A7%D8%AA%D9%88%D9%85%D8%A7%D8%AA%D9%83/"}]}
[2026-02-16 14:07:38] [LIST] [INFO] Clicking load more {"before":18}
[2026-02-16 14:07:45] [LIST] [INFO] Load more result {"before":18,"after":36}
[2026-02-16 14:07:46] [LIST] [INFO] Reading visible ads {"total":56,"limit":20}
[2026-02-16 14:07:47] [LIST] [INFO] Visible ads parsed {"total":56,"kept":20,"sample":[{"postId":"175563703","url":"https://haraj.com.sa/11175563703/%D8%AA%D8%A7%D9%87%D9%88_LT_2014/"},{"postId":"175563701","url":"https://haraj.com.sa/11175563701/%D9%83%D8%AA%D8%A7%D8%A8%D8%A9_%D8%AE%D8%B7%D8%A7%D8%A8%D8%A7%D8%AA_%D9%85%D8%A4%D8%AB%D8%B1%D8%A9/"},{"postId":"175563695","url":"https://haraj.com.sa/11175563695/%D9%84%D8%A7%D9%86%D8%B3%D8%B1_%D8%A8%D9%88%D9%85%D8%A9_2007_%D8%A7%D8%AA%D9%88%D9%85%D8%A7%D8%AA%D9%83/"}]}
[2026-02-16 14:16:27] [LIST] [INFO] Waiting for listing container...
[2026-02-16 14:16:28] [LIST] [INFO] Waiting for at least 1 post item...
[2026-02-16 14:16:32] [LIST] [INFO] Listing ready
[2026-02-16 14:16:32] [LIST] [INFO] Reading visible ads {"total":20,"limit":20}
[2026-02-16 14:16:32] [LIST] [INFO] Visible ads parsed {"total":20,"kept":20,"sample":[{"postId":"175564195","url":"https://haraj.com.sa/11175564195/%D8%B1%D8%A7%D9%81%D8%B9%D9%87_%D8%B4%D9%88%D9%83%D9%8A%D9%87_%D9%81%D8%B1%D9%83%D9%84%D9%81%D8%AA_%D9%84%D9%84%D8%A7%D9%8A%D8%AC%D8%A7%D8%B1/"},{"postId":"175564190","url":"https://haraj.com.sa/11175564190/%D8%AF%D9%8A%D9%85%D8%A7%D9%83%D8%B3_2006/"},{"postId":"175564188","url":"https://haraj.com.sa/11175564188/%D8%B9%D8%B1%D9%88%D8%B6_%D8%B1%D9%85%D8%B6%D8%A7%D9%86_%D8%B4%D8%A7%D9%86%D8%AC%D8%A7%D9%86_%D9%8A%D9%88%D9%86%D9%8A_%D9%81%D9%8A_%D8%B3%D8%A8%D9%88%D8%B1%D8%AA_88_700_%D8%B4%D8%A7%D9%85%D9%84/"}]}
[2026-02-16 14:16:33] [LIST] [INFO] Clicking load more {"before":20}
[2026-02-16 14:16:34] [LIST] [INFO] Load more result {"before":20,"after":40}
[2026-02-16 14:16:35] [LIST] [INFO] Reading visible ads {"total":40,"limit":20}
[2026-02-16 14:16:43] [LIST] [INFO] Visible ads parsed {"total":40,"kept":20,"sample":[{"postId":"175564195","url":"https://haraj.com.sa/11175564195/%D8%B1%D8%A7%D9%81%D8%B9%D9%87_%D8%B4%D9%88%D9%83%D9%8A%D9%87_%D9%81%D8%B1%D9%83%D9%84%D9%81%D8%AA_%D9%84%D9%84%D8%A7%D9%8A%D8%AC%D8%A7%D8%B1/"},{"postId":"175564190","url":"https://haraj.com.sa/11175564190/%D8%AF%D9%8A%D9%85%D8%A7%D9%83%D8%B3_2006/"},{"postId":"175564188","url":"https://haraj.com.sa/11175564188/%D8%B9%D8%B1%D9%88%D8%B6_%D8%B1%D9%85%D8%B6%D8%A7%D9%86_%D8%B4%D8%A7%D9%86%D8%AC%D8%A7%D9%86_%D9%8A%D9%88%D9%86%D9%8A_%D9%81%D9%8A_%D8%B3%D8%A8%D9%88%D8%B1%D8%AA_88_700_%D8%B4%D8%A7%D9%85%D9%84/"}]}
[2026-02-16 14:26:51] [LIST] [INFO] Waiting for listing container...
[2026-02-16 14:26:52] [LIST] [INFO] Waiting for at least 1 post item...
[2026-02-16 14:26:54] [LIST] [INFO] Listing ready
[2026-02-16 14:26:54] [LIST] [INFO] Reading visible ads {"total":20,"limit":20}
[2026-02-16 14:26:55] [LIST] [INFO] Visible ads parsed {"total":20,"kept":20,"sample":[{"postId":"175564818","url":"https://haraj.com.sa/11175564818/%D9%87%D8%A7%D9%8A%D9%84%D9%88%D9%83%D8%B3_%D8%AF%D8%A8%D9%842013_%D8%B3%D8%B9%D9%88%D8%AF%D9%8A_%D8%B4%D8%B1%D8%B7/"},{"postId":"175564817","url":"https://haraj.com.sa/11175564817/%D9%81%D9%88%D8%B1%D8%AF_%D8%AA%D9%88%D8%B1%D8%B3_2018/"},{"postId":"175564814","url":"https://haraj.com.sa/11175564814/%D9%81%D9%88%D8%B1%D8%AF_%D8%A7%D9%83%D8%B3%D8%A8%D9%8A%D8%AF%D8%B4%D9%86_2018/"}]}
[2026-02-16 14:26:56] [LIST] [INFO] Clicking load more {"before":20}
[2026-02-16 14:27:03] [LIST] [INFO] Load more result {"before":20,"after":40}
[2026-02-16 14:27:18] [LIST] [INFO] Reading visible ads {"total":40,"limit":20}
[2026-02-16 14:27:22] [LIST] [INFO] Visible ads parsed {"total":40,"kept":20,"sample":[{"postId":"175564818","url":"https://haraj.com.sa/11175564818/%D9%87%D8%A7%D9%8A%D9%84%D9%88%D9%83%D8%B3_%D8%AF%D8%A8%D9%842013_%D8%B3%D8%B9%D9%88%D8%AF%D9%8A_%D8%B4%D8%B1%D8%B7/"},{"postId":"175564817","url":"https://haraj.com.sa/11175564817/%D9%81%D9%88%D8%B1%D8%AF_%D8%AA%D9%88%D8%B1%D8%B3_2018/"},{"postId":"175564814","url":"https://haraj.com.sa/11175564814/%D9%81%D9%88%D8%B1%D8%AF_%D8%A7%D9%83%D8%B3%D8%A8%D9%8A%D8%AF%D8%B4%D9%86_2018/"}]}
[2026-02-16 15:10:21] [LIST] [INFO] Waiting for listing container...
[2026-02-16 15:10:21] [LIST] [INFO] Waiting for at least 1 post item...
[2026-02-16 15:10:23] [LIST] [INFO] Listing ready
[2026-02-16 15:10:23] [LIST] [INFO] Reading visible ads {"total":15,"limit":15}
[2026-02-16 15:10:24] [LIST] [INFO] Visible ads parsed {"total":15,"kept":15,"sample":[{"postId":"11175567358","url":"https://haraj.com.sa/11175567358/%D8%A8%D9%88%D8%A8%D9%83%D8%A7%D8%AA_%D9%83%D8%AA%D8%B1%D8%A8%D9%84%D8%B1_%D9%84%D9%84%D8%A8%D9%8A%D8%B9/"},{"postId":"11175567354","url":"https://haraj.com.sa/11175567354/%D9%85%D9%83%D9%8A%D9%86%D8%A9_%D9%85%D9%83%D8%A7%D9%8A%D9%86_%D8%AC%D9%8A%D8%A8_%D9%84%D9%83%D8%B2%D8%B3_570_LX%D8%B6%D9%85%D8%A7%D9%86_%D8%B3%D9%86%D9%87/"},{"postId":"11175567353","url":"https://haraj.com.sa/11175567353/%D9%84%D9%84%D8%A8%D9%8A%D8%B9_%D8%AA%D9%88%D8%B3%D8%A7%D9%86_2023_%D9%85%D9%83%D9%8A%D9%86%D9%87_1_6_%D8%B4%D8%A8%D9%87_%D8%AC%D8%AF%D9%8A%D8%AF_%D9%88%D8%A7%D8%B1%D8%AF_%D8%A7%D9%84%D9%88%D8%B9%D9%84%D8%A7%D9%86/"}]}
[2026-02-16 15:10:24] [LIST] [INFO] Clicking load more {"before":15}
[2026-02-16 15:10:24] [LIST] [INFO] Load more result {"before":15,"after":15,"btnCountAfter":0,"btnVisibleAfter":false,"btnDisabledAfter":true}
[2026-02-16 15:12:21] [LIST] [INFO] Waiting for listing container...
[2026-02-16 15:12:24] [LIST] [INFO] Waiting for at least 1 post item...
[2026-02-16 15:12:29] [LIST] [INFO] Listing ready
[2026-02-16 15:12:31] [LIST] [INFO] Reading visible ads {"total":22,"limit":20}
[2026-02-16 15:12:31] [LIST] [INFO] Visible ads parsed {"total":22,"kept":20,"sample":[{"postId":"11175567478","url":"https://haraj.com.sa/11175567478/%D8%AC%D9%8A%D8%A8_%D8%B1%D8%A7%D9%86%D8%AC%D9%84%D8%B1_2018_%D9%85%D8%B3%D8%AA%D8%AE%D8%AF%D9%85/"},{"postId":"11175567474","url":"https://haraj.com.sa/11175567474/%D9%84%D9%84%D8%A8%D9%8A%D8%B9_MG_5_%D9%85%D9%88%D8%AF%D9%8A%D9%84_2023_%D8%B9%D8%AF%D8%A7%D8%AF_19_%D8%A7%D9%84%D9%81_%D9%83%D9%8A%D9%84%D9%88_%D8%B9%D9%84%D9%89_%D8%A7%D9%84%D8%B6%D9%85%D8%A7%D9%86/"},{"postId":"11175567471","url":"https://haraj.com.sa/11175567471/%D8%B9%D8%A7%D9%8A%D8%B2_%D8%B3%D9%8A%D8%A7%D8%B1%D9%87_%D9%81%D9%8A_%D8%AD%D8%AF%D9%88%D8%AF_20_%D8%A7%D9%84%D9%81_%D9%85%D9%82%D8%AF%D9%85_5_%D9%88%D8%A7%D9%84%D8%A8%D8%A7%D9%82%D9%8A_%D9%82%D8%B3%D8%B7/"}]}
[2026-02-16 15:19:58] [LIST] [INFO] Waiting for listing container...
[2026-02-16 15:19:59] [LIST] [INFO] Waiting for at least 1 post item...
[2026-02-16 15:20:00] [LIST] [INFO] Listing ready
[2026-02-16 15:20:02] [LIST] [INFO] Reading visible ads {"total":23,"limit":20}
[2026-02-16 15:20:04] [LIST] [INFO] Visible ads parsed {"total":23,"kept":20,"sample":[{"postId":"11175567924","url":"https://haraj.com.sa/11175567924/%D9%87%D9%8A%D9%88%D9%86%D8%AF%D8%A7%D9%8A_%D8%B3%D9%88%D9%86%D8%A7%D8%AA%D8%A7_%D9%83%D9%85%D9%81%D9%88%D8%B1%D8%AA_2026%D9%84%D9%88%D9%86_%D9%81%D8%B6%D9%8A/"},{"postId":"11175567921","url":"https://haraj.com.sa/11175567921/%D9%85%D8%B1%D8%B3%D9%8A%D8%AF%D8%B3_CLS500/"},{"postId":"11175567918","url":"https://haraj.com.sa/11175567918/%D8%AF%D8%A8%D8%A7%D8%A8_%D8%A8%D9%88%D9%83%D8%B3%D8%B1/"}]}
[2026-02-16 15:28:30] [LIST] [INFO] Waiting for listing container...
[2026-02-16 15:28:32] [LIST] [INFO] Waiting for at least 1 post item...
[2026-02-16 15:28:35] [LIST] [INFO] Listing ready
[2026-02-16 15:28:36] [LIST] [INFO] Reading visible ads {"total":20,"limit":20}
[2026-02-16 15:28:36] [LIST] [INFO] Visible ads parsed {"total":20,"kept":20,"sample":[{"postId":"11175568455","url":"https://haraj.com.sa/11175568455/%D8%B1%D8%A7%D8%B3_%D8%A7%D9%84%D8%A8%D9%8A_84_%D9%84%D9%84%D8%A8%D9%8A%D8%B9/"},{"postId":"11175568451","url":"https://haraj.com.sa/11175568451/%D9%8A%D8%A7%D8%B1%D8%B3_2021/"},{"postId":"11175568441","url":"https://haraj.com.sa/11175568441/%D9%84%D9%84%D8%A8%D9%8A%D8%B9_%D8%AC%D9%8A%D8%A8_%D8%B1%D8%A8%D8%B9_%D8%A8%D9%8A%D8%AC_/"}]}
[2026-02-16 15:46:20] [LIST] [INFO] Waiting for listing container...
[2026-02-16 15:46:20] [LIST] [INFO] Waiting for at least 1 post item...
[2026-02-16 15:46:22] [LIST] [INFO] Listing ready
[2026-02-16 15:46:22] [LIST] [INFO] Reading visible ads (top) {"total":19,"limit":19}
[2026-02-16 15:46:23] [LIST] [INFO] Visible ads parsed {"total":19,"kept":19,"sample":[{"postId":"175569578","url":"https://haraj.com.sa/11175569578/%D8%A7%D8%B2%D9%8A%D8%B1%D8%A7_2022_%D9%86%D8%B8%D9%8A%D9%81_%D9%84%D9%84%D9%85%D8%B3%D8%AA%D8%AE%D8%AF%D9%85/"},{"postId":"175569577","url":"https://haraj.com.sa/11175569577/%D8%AC%D9%8A%D9%83_%D9%85%D8%B9_%D8%B3%D8%AA%D8%A7%D9%86%D8%AF_%D8%AD%D8%AC%D9%85_10_%D9%84%D8%AA%D8%B1/"},{"postId":"175569576","url":"https://haraj.com.sa/11175569576/%D8%A7%D9%8A%D8%B3%D9%88%D8%B2%D9%88_%D8%BA%D9%85%D8%A7%D8%B1%D9%87_%D8%B3%D8%AA%D8%A7%D9%86%D8%AF%D8%B1_%D8%AF%D9%8A%D8%B2%D9%84_%D8%AF%D8%A8%D9%84_%D9%82%D8%B2%D8%A7%D8%B2_%D8%B9%D8%A7%D8%AF%D9%8A_2025_%D8%B3%D8%B9%D9%88%D8%AF%D9%8A/"}]}
[2026-02-16 15:46:24] [LIST] [INFO] Clicking load more {"before":19}
[2026-02-16 15:46:26] [LIST] [INFO] Load more click result {"before":19,"after":39}
[2026-02-16 15:49:21] [LIST] [INFO] Scroll loading more {"before":39}
[2026-02-16 15:49:26] [LIST] [INFO] Scroll load result {"before":39,"after":60}
[2026-02-16 15:50:55] [LIST] [INFO] Scroll loading more {"before":60}
[2026-02-16 15:51:00] [LIST] [INFO] Scroll load result {"before":60,"after":81}
[2026-02-16 15:53:09] [LIST] [INFO] Scroll loading more {"before":81}
[2026-02-16 15:53:15] [LIST] [INFO] Scroll load result {"before":81,"after":102}
[2026-02-16 15:56:04] [LIST] [INFO] Scroll loading more {"before":102}
[2026-02-16 15:56:09] [LIST] [INFO] Scroll load result {"before":102,"after":139}
[2026-02-16 16:00:32] [LIST] [INFO] Scroll loading more {"before":139}
[2026-02-16 16:00:37] [LIST] [INFO] Scroll load result {"before":139,"after":159}
[2026-02-16 16:03:35] [LIST] [INFO] Scroll loading more {"before":159}
[2026-02-16 16:03:40] [LIST] [INFO] Scroll load result {"before":159,"after":220}
[2026-02-16 16:09:56] [LIST] [INFO] Scroll loading more {"before":220}
[2026-02-16 16:10:47] [LIST] [INFO] Scroll load result {"before":220,"after":220}
[2026-02-16 16:10:47] [LIST] [INFO] No growth attempt {"noGrowth":1,"maxNoGrowth":3,"before":220,"after":220}
[2026-02-16 16:10:49] [LIST] [INFO] Scroll loading more {"before":220}
[2026-02-16 16:10:55] [LIST] [INFO] Scroll load result {"before":220,"after":241}
[2026-02-16 16:11:57] [LIST] [INFO] Scroll loading more {"before":241}
[2026-02-16 16:12:03] [LIST] [INFO] Scroll load result {"before":241,"after":279}
[2026-02-16 16:14:56] [LIST] [INFO] Scroll loading more {"before":279}
[2026-02-16 16:15:41] [LIST] [INFO] Scroll load result {"before":279,"after":300}
[2026-02-16 16:17:52] [LIST] [INFO] Scroll loading more {"before":300}
[2026-02-16 16:17:59] [LIST] [INFO] Scroll load result {"before":300,"after":321}
[2026-02-16 16:19:25] [LIST] [INFO] Scroll loading more {"before":321}
[2026-02-16 16:19:31] [LIST] [INFO] Scroll load result {"before":321,"after":342}
[2026-02-16 16:22:19] [LIST] [INFO] Scroll loading more {"before":342}
[2026-02-16 16:22:24] [LIST] [INFO] Scroll load result {"before":342,"after":363}
[2026-02-16 16:25:11] [LIST] [INFO] Scroll loading more {"before":363}
[2026-02-16 16:25:16] [LIST] [INFO] Scroll load result {"before":363,"after":383}
[2026-02-16 16:27:08] [LIST] [INFO] Scroll loading more {"before":383}
[2026-02-16 16:27:12] [LIST] [INFO] Scroll load result {"before":383,"after":412}
[2026-02-16 16:30:46] [LIST] [INFO] Scroll loading more {"before":412}
[2026-02-16 16:30:53] [LIST] [INFO] Scroll load result {"before":412,"after":448}
