[2026-02-15 16:24:43] [MAIN] [INFO] Mongo connected {"db":"ElectronDB","ads":"CarsHaraj"}
[2026-02-15 16:24:43] [MAIN] [INFO] Launching browser {"headless":false,"slowMoMs":0}
[2026-02-15 16:24:44] [MAIN] [INFO] Using existing storageState {"path":"C:\\Users\\HP\\Desktop\\Spark\\haraj-car\\.auth\\storageState.json"}
[2026-02-15 16:25:20] [MAIN] [WARN] SIGINT received, exiting
[2026-02-15 16:29:21] [MAIN] [INFO] Mongo connected {"db":"ElectronDB","ads":"CarsHaraj"}
[2026-02-15 16:29:21] [MAIN] [INFO] Launching browser {"headless":false,"slowMoMs":0}
[2026-02-15 16:29:22] [MAIN] [INFO] Using existing storageState {"path":"C:\\Users\\HP\\Desktop\\Spark\\haraj-car\\.auth\\storageState.json"}
[2026-02-15 16:30:31] [MAIN] [WARN] SIGINT received, exiting
[2026-02-15 16:35:34] [MAIN] [INFO] Mongo connected {"db":"ElectronDB","ads":"CarsHaraj"}
[2026-02-15 16:35:34] [MAIN] [INFO] Launching browser {"headless":false,"slowMoMs":0}
[2026-02-15 16:35:35] [MAIN] [INFO] Using existing storageState {"path":"C:\\Users\\HP\\Desktop\\Spark\\haraj-car\\.auth\\storageState.json"}
[2026-02-15 16:35:49] [MAIN] [ERROR] Fatal {"err":"Error: locator.count: Target page, context or browser has been closed","stack":"locator.count: Target page, context or browser has been closed\n    at clickLoadMore (C:\\Users\\HP\\Desktop\\Spark\\haraj-car\\src\\scrape\\listing.js:101:68)\n    at async runFullScrape (C:\\Users\\HP\\Desktop\\Spark\\haraj-car\\src\\jobs\\fullScrape.js:55:21)\n    at async main (C:\\Users\\HP\\Desktop\\Spark\\haraj-car\\src\\index.js:38:5)"}
[2026-02-15 18:59:41] [MAIN] [INFO] Mongo connected {"db":"ElectronDB","ads":"CarsHaraj"}
[2026-02-15 18:59:41] [MAIN] [INFO] Launching browser {"headless":false,"slowMoMs":0}
[2026-02-15 18:59:43] [MAIN] [INFO] Using existing storageState {"path":"C:\\Users\\HP\\Desktop\\Spark\\haraj-car\\.auth\\storageState.json"}
[2026-02-15 19:00:06] [MAIN] [WARN] SIGINT received, exiting
[2026-02-15 19:06:35] [MAIN] [INFO] Mongo connected {"db":"ElectronDB","ads":"CarsHaraj"}
[2026-02-15 19:06:35] [MAIN] [INFO] Launching browser {"headless":false,"slowMoMs":0}
[2026-02-15 19:06:36] [MAIN] [INFO] Using existing storageState {"path":"C:\\Users\\HP\\Desktop\\Spark\\haraj-car\\.auth\\storageState.json"}
[2026-02-15 19:06:50] [MAIN] [WARN] SIGINT received, exiting
[2026-02-15 19:08:18] [MAIN] [INFO] Mongo connected {"db":"ElectronDB","ads":"CarsHaraj"}
[2026-02-15 19:08:18] [MAIN] [INFO] Launching browser {"headless":false,"slowMoMs":0}
[2026-02-15 19:08:18] [MAIN] [INFO] Using existing storageState {"path":"C:\\Users\\HP\\Desktop\\Spark\\haraj-car\\.auth\\storageState.json"}
[2026-02-15 19:08:42] [MAIN] [WARN] SIGINT received, exiting
[2026-02-15 19:15:40] [MAIN] [INFO] Mongo connected {"db":"ElectronDB","ads":"CarsHaraj"}
[2026-02-15 19:15:40] [MAIN] [INFO] Launching browser {"headless":false,"slowMoMs":0}
[2026-02-15 19:15:40] [MAIN] [INFO] Using existing storageState {"path":"C:\\Users\\HP\\Desktop\\Spark\\haraj-car\\.auth\\storageState.json"}
[2026-02-15 19:16:12] [MAIN] [WARN] SIGINT received, exiting
[2026-02-15 19:22:17] [MAIN] [INFO] Mongo connected {"db":"ElectronDB","ads":"CarsHaraj"}
[2026-02-15 19:22:17] [MAIN] [INFO] Launching browser {"headless":false,"slowMoMs":0}
[2026-02-15 19:22:17] [MAIN] [INFO] Using existing storageState {"path":"C:\\Users\\HP\\Desktop\\Spark\\haraj-car\\.auth\\storageState.json"}
[2026-02-15 19:22:55] [MAIN] [ERROR] Fatal {"err":"Error: locator.count: Target page, context or browser has been closed","stack":"locator.count: Target page, context or browser has been closed\n    at clickLoadMore (C:\\Users\\HP\\Desktop\\Spark\\haraj-car\\src\\scrape\\listing.js:74:19)\n    at runFullScrape (C:\\Users\\HP\\Desktop\\Spark\\haraj-car\\src\\jobs\\fullScrape.js:102:27)\n    at async main (C:\\Users\\HP\\Desktop\\Spark\\haraj-car\\src\\index.js:38:5)"}
[2026-02-15 19:41:09] [MAIN] [INFO] Mongo connected {"db":"ElectronDB","ads":"CarsHaraj"}
[2026-02-15 19:41:09] [MAIN] [INFO] Launching browser {"headless":false,"slowMoMs":0}
[2026-02-15 19:41:10] [MAIN] [INFO] Using existing storageState {"path":"C:\\Users\\HP\\Desktop\\Spark\\haraj-car\\.auth\\storageState.json"}
[2026-02-15 19:41:56] [MAIN] [WARN] SIGINT received, exiting
[2026-02-15 20:19:28] [MAIN] [ERROR] Fatal {"err":"Error: queryTxt ESERVFAIL sparkvision.psrlevw.mongodb.net","stack":"Error: queryTxt ESERVFAIL sparkvision.psrlevw.mongodb.net\n    at QueryReqWrap.onresolve [as oncomplete] (node:internal/dns/promises:294:17)"}
[2026-02-15 20:21:29] [MAIN] [ERROR] Fatal {"err":"Error: querySrv ESERVFAIL _mongodb._tcp.sparkvision.psrlevw.mongodb.net","stack":"Error: querySrv ESERVFAIL _mongodb._tcp.sparkvision.psrlevw.mongodb.net\n    at QueryReqWrap.onresolve [as oncomplete] (node:internal/dns/promises:294:17)"}
[2026-02-15 20:22:36] [MAIN] [INFO] Mongo connected {"db":"ElectronDB","ads":"CarsHaraj"}
[2026-02-15 20:22:36] [MAIN] [INFO] Launching browser {"headless":false,"slowMoMs":0}
[2026-02-15 20:22:36] [MAIN] [INFO] Using existing storageState {"path":"C:\\Users\\HP\\Desktop\\Spark\\haraj-car\\.auth\\storageState.json"}
[2026-02-15 20:22:58] [MAIN] [WARN] SIGINT received, exiting
[2026-02-16 09:11:26] [MAIN] [INFO] Mongo connected {"db":"ElectronDB","ads":"CarsHaraj"}
[2026-02-16 09:11:26] [MAIN] [INFO] Launching browser {"headless":false,"slowMoMs":0}
[2026-02-16 09:11:29] [MAIN] [INFO] Using existing storageState {"path":"C:\\Users\\HP\\Desktop\\Spark\\haraj-car\\.auth\\storageState.json"}
[2026-02-16 09:12:44] [MAIN] [WARN] SIGINT received, exiting
[2026-02-16 09:27:54] [MAIN] [ERROR] Fatal {"err":"Error: queryTxt ESERVFAIL sparkvision.psrlevw.mongodb.net","stack":"Error: queryTxt ESERVFAIL sparkvision.psrlevw.mongodb.net\n    at QueryReqWrap.onresolve [as oncomplete] (node:internal/dns/promises:294:17)"}
[2026-02-16 09:28:03] [MAIN] [ERROR] Fatal {"err":"Error: queryTxt ESERVFAIL sparkvision.psrlevw.mongodb.net","stack":"Error: queryTxt ESERVFAIL sparkvision.psrlevw.mongodb.net\n    at QueryReqWrap.onresolve [as oncomplete] (node:internal/dns/promises:294:17)"}
[2026-02-16 09:28:11] [MAIN] [ERROR] Fatal {"err":"Error: queryTxt ESERVFAIL sparkvision.psrlevw.mongodb.net","stack":"Error: queryTxt ESERVFAIL sparkvision.psrlevw.mongodb.net\n    at QueryReqWrap.onresolve [as oncomplete] (node:internal/dns/promises:294:17)"}
[2026-02-16 09:34:17] [MAIN] [INFO] Mongo connected {"db":"ElectronDB","ads":"CarsHaraj"}
[2026-02-16 09:34:17] [MAIN] [INFO] Launching browser {"headless":false,"slowMoMs":0}
[2026-02-16 09:34:18] [MAIN] [INFO] Using existing storageState {"path":"C:\\Users\\HP\\Desktop\\Spark\\haraj-car\\.auth\\storageState.json"}
[2026-02-16 09:38:10] [MAIN] [WARN] SIGINT received, exiting
[2026-02-16 10:06:00] [MAIN] [ERROR] Fatal {"err":"Error: queryTxt ESERVFAIL sparkvision.psrlevw.mongodb.net","stack":"Error: queryTxt ESERVFAIL sparkvision.psrlevw.mongodb.net\n    at QueryReqWrap.onresolve [as oncomplete] (node:internal/dns/promises:294:17)"}
[2026-02-16 10:06:09] [MAIN] [ERROR] Fatal {"err":"Error: queryTxt ESERVFAIL sparkvision.psrlevw.mongodb.net","stack":"Error: queryTxt ESERVFAIL sparkvision.psrlevw.mongodb.net\n    at QueryReqWrap.onresolve [as oncomplete] (node:internal/dns/promises:294:17)"}
[2026-02-16 10:09:50] [MAIN] [INFO] Mongo connected {"db":"ElectronDB","ads":"CarsHaraj"}
[2026-02-16 10:09:50] [MAIN] [INFO] Launching browser {"headless":false,"slowMoMs":0}
[2026-02-16 10:09:51] [MAIN] [INFO] Using existing storageState {"path":"C:\\Users\\HP\\Desktop\\Spark\\haraj-car\\.auth\\storageState.json"}
[2026-02-16 10:15:29] [MAIN] [WARN] SIGINT received, exiting
[2026-02-16 12:53:47] [MAIN] [ERROR] Fatal {"err":"Error: queryTxt ESERVFAIL sparkvision.psrlevw.mongodb.net","stack":"Error: queryTxt ESERVFAIL sparkvision.psrlevw.mongodb.net\n    at QueryReqWrap.onresolve [as oncomplete] (node:internal/dns/promises:294:17)"}
[2026-02-16 12:53:53] [MAIN] [ERROR] Fatal {"err":"Error: queryTxt ESERVFAIL sparkvision.psrlevw.mongodb.net","stack":"Error: queryTxt ESERVFAIL sparkvision.psrlevw.mongodb.net\n    at QueryReqWrap.onresolve [as oncomplete] (node:internal/dns/promises:294:17)"}
[2026-02-16 12:53:58] [MAIN] [ERROR] Fatal {"err":"Error: querySrv ESERVFAIL _mongodb._tcp.sparkvision.psrlevw.mongodb.net","stack":"Error: querySrv ESERVFAIL _mongodb._tcp.sparkvision.psrlevw.mongodb.net\n    at QueryReqWrap.onresolve [as oncomplete] (node:internal/dns/promises:294:17)"}
[2026-02-16 13:08:49] [MAIN] [ERROR] Fatal {"err":"Error: querySrv ESERVFAIL _mongodb._tcp.sparkvision.psrlevw.mongodb.net","stack":"Error: querySrv ESERVFAIL _mongodb._tcp.sparkvision.psrlevw.mongodb.net\n    at QueryReqWrap.onresolve [as oncomplete] (node:internal/dns/promises:294:17)"}
[2026-02-16 13:09:35] [MAIN] [INFO] Mongo connected {"db":"ElectronDB","ads":"CarsHaraj"}
[2026-02-16 13:09:35] [MAIN] [INFO] Launching browser {"headless":false,"slowMoMs":0}
[2026-02-16 13:09:37] [MAIN] [INFO] Using existing storageState {"path":"C:\\Users\\HP\\Desktop\\Spark\\haraj-car\\.auth\\storageState.json"}
[2026-02-16 15:10:02] [MAIN] [WARN] SIGINT received, exiting
[2026-02-16 15:10:09] [MAIN] [ERROR] Fatal {"err":"Error: queryTxt ESERVFAIL sparkvision.psrlevw.mongodb.net","stack":"Error: queryTxt ESERVFAIL sparkvision.psrlevw.mongodb.net\n    at QueryReqWrap.onresolve [as oncomplete] (node:internal/dns/promises:294:17)"}
[2026-02-16 15:10:16] [MAIN] [INFO] Mongo connected {"db":"ElectronDB","ads":"CarsHaraj"}
[2026-02-16 15:10:16] [MAIN] [INFO] Launching browser {"headless":false,"slowMoMs":0}
[2026-02-16 15:10:17] [MAIN] [INFO] Using existing storageState {"path":"C:\\Users\\HP\\Desktop\\Spark\\haraj-car\\.auth\\storageState.json"}
[2026-02-16 15:32:38] [MAIN] [WARN] SIGINT received, exiting
[2026-02-16 15:46:15] [MAIN] [INFO] Mongo connected {"db":"ElectronDB","ads":"CarsHaraj"}
[2026-02-16 15:46:15] [MAIN] [INFO] Launching browser {"headless":false,"slowMoMs":0}
[2026-02-16 15:46:16] [MAIN] [INFO] Using existing storageState {"path":"C:\\Users\\HP\\Desktop\\Spark\\haraj-car\\.auth\\storageState.json"}
[2026-02-16 16:31:26] [MAIN] [WARN] SIGINT received, exiting
